[sesja] Długość tej sesji: 30.3 min (losowo z przedziału 30-60).
[strona] ?LoadBaseSkin=0&NS=def52f60-f017-4de3-a4e4-5b0c1ffdf70f&Skin=CePixel&CPG=72203914-A31D-4B25-7735-F18BE44421C2&WORKLOCAL=4004&LocateCompany=1&Title=Savpol&DoNotUseAutoZoom=1&NG=1&countOpensWindows=1&includeOnlyUsableMenuItems=1
[strona] Failed to load resource: the server responded with a status of 400 ()
[strona] SOCKET ERROR Error: xhr poll error
    at n.onError (https://erp.savpol.pl/Default_006_413_part_6_2fd89947e067cc286c868cc0c58c3d81.min.js:186:31238)
    at i.<anonymous> (https://erp.savpol.pl/Default_006_413_part_6_2fd89947e067cc286c868cc0c58c3d81.min.js:186:26201)
    at n.emit (https://erp.savpol.pl/Default_006_413_part_6_2fd89947e067cc286c868cc0c58c3d81.min.js:186:6309)
    at i.onError (https://erp.savpol.pl/Default_006_413_part_6_2fd89947e067cc286c868cc0c58c3d81.min.js:186:27872)
    at https://erp.savpol.pl/Default_006_413_part_6_2fd89947e067cc286c868cc0c58c3d81.min.js:186:27504
[błąd strony] Avoided redundant navigation to current location: "/".
[strona] [portal-vue]: Target c-grid-cell-tooltip already exists
[strona] [portal-vue]: Target c-chatter-tooltip already exists
[strona] [portal-vue]: Target c-manager-close-confirm-popup already exists
[strona] [portal-vue]: Target c-popovers already exists
[strona] WebSocket connection to 'wss://erp.savpol.pl/csAPIServer/socket.io/?sessionId=7d9813b8-59de-4c4c-7600-9f115f2a8fb7&LanguageSuffix=PL&csUsrId=29270321220&csCompaniesId=213217693&EIO=3&transport=websocket&sid=hWLZkJEV1VQBrEFdABIA' failed: Error during WebSocket handshake: Unexpected response code: 400
[login] Zalogowano. URL: https://erp.savpol.pl/pl/panel-sterowania/csdashboard/213217693
[strona] Failed to load resource: the server responded with a status of 404 ()
[strona] ?LoadBaseSkin=0&NS=def52f60-f017-4de3-a4e4-5b0c1ffdf70f&Skin=CePixel&CPG=72203914-A31D-4B25-7735-F18BE44421C2&WORKLOCAL=4004&LocateCompany=1&Title=Savpol&DoNotUseAutoZoom=1&NG=1&countOpensWindows=1&includeOnlyUsableMenuItems=1
[strona] Failed to load resource: the server responded with a status of 404 ()
[strona] WebSocket connection to 'wss://erp.savpol.pl/csAPIServer/socket.io/?sessionId=7d9813b8-59de-4c4c-7600-9f115f2a8fb7&LanguageSuffix=PL&csUsrId=29270321220&csCompaniesId=213217693&EIO=3&transport=websocket&sid=FUaifg4mzIgxdo-vABIB' failed: Error during WebSocket handshake: Unexpected response code: 400
[strona] Failed to load resource: the server responded with a status of 400 ()
[strona] SOCKET ERROR Error: xhr poll error
    at n.onError (https://erp.savpol.pl/Default_006_413_part_6_2fd89947e067cc286c868cc0c58c3d81.min.js:186:31238)
    at i.<anonymous> (https://erp.savpol.pl/Default_006_413_part_6_2fd89947e067cc286c868cc0c58c3d81.min.js:186:26201)
    at n.emit (https://erp.savpol.pl/Default_006_413_part_6_2fd89947e067cc286c868cc0c58c3d81.min.js:186:6309)
    at i.onError (https://erp.savpol.pl/Default_006_413_part_6_2fd89947e067cc286c868cc0c58c3d81.min.js:186:27872)
    at https://erp.savpol.pl/Default_006_413_part_6_2fd89947e067cc286c868cc0c58c3d81.min.js:186:27504
[strona] Failed to load resource: the server responded with a status of 400 ()
[strona] SOCKET ERROR Error: xhr poll error
    at n.onError (https://erp.savpol.pl/Default_006_413_part_6_2fd89947e067cc286c868cc0c58c3d81.min.js:186:31238)
    at i.<anonymous> (https://erp.savpol.pl/Default_006_413_part_6_2fd89947e067cc286c868cc0c58c3d81.min.js:186:26201)
    at n.emit (https://erp.savpol.pl/Default_006_413_part_6_2fd89947e067cc286c868cc0c58c3d81.min.js:186:6309)
    at i.onError (https://erp.savpol.pl/Default_006_413_part_6_2fd89947e067cc286c868cc0c58c3d81.min.js:186:27872)
    at https://erp.savpol.pl/Default_006_413_part_6_2fd89947e067cc286c868cc0c58c3d81.min.js:186:27504
[strona] WebSocket connection to 'wss://erp.savpol.pl/csAPIServer/socket.io/?sessionId=7d9813b8-59de-4c4c-7600-9f115f2a8fb7&LanguageSuffix=PL&csUsrId=29270321220&csCompaniesId=213217693&EIO=3&transport=websocket&sid=6JzHNUTqj4SoqflDABIC' failed: WebSocket is closed before the connection is established.
[filtr-typ] Zastosowano zapisany filtr "WZ". Rekordów: przed=, po=0
[filtr] Wartości pól po wpisaniu: {"od":"2026-09-15","do":"2026-09-15"}
[filtr] Ustawiono zakres 2026-09-15..2026-09-15, kliknięto ".ButtonRefresh". Rekordów: przed=0, po=833
[wz] ERP zgłasza 833 dokumentów dla tego filtra. Mamy już 0 z poprzednich sesji.
[wz] Lista załadowana. Startuję zbieranie w paczkach po 15 dok. (max 900 łącznie w tej sesji)...
(node:27564) [DEP0123] DeprecationWarning: Setting the TLS ServerName to an IP address is not permitted by RFC 6066. This will be ignored in a future version.
(Use `node --trace-deprecation ...` to show where the warning was created)
[wynik] Zapisano do bazy "worek": 15 wierszy w csDocsHeaders_test, 69 wierszy w csDocsItemsPositions_test.
[paczka] +15 WZ (łącznie w stanie: 15/833), complete=false
[wynik] Zapisano do bazy "worek": 15 wierszy w csDocsHeaders_test, 73 wierszy w csDocsItemsPositions_test.
[paczka] +15 WZ (łącznie w stanie: 30/833), complete=false
[wynik] Zapisano do bazy "worek": 15 wierszy w csDocsHeaders_test, 111 wierszy w csDocsItemsPositions_test.
[paczka] +15 WZ (łącznie w stanie: 45/833), complete=false
[wynik] Zapisano do bazy "worek": 15 wierszy w csDocsHeaders_test, 110 wierszy w csDocsItemsPositions_test.
[paczka] +15 WZ (łącznie w stanie: 60/833), complete=false
[wynik] Zapisano do bazy "worek": 15 wierszy w csDocsHeaders_test, 103 wierszy w csDocsItemsPositions_test.
[paczka] +15 WZ (łącznie w stanie: 75/833), complete=false
[wynik] Zapisano do bazy "worek": 15 wierszy w csDocsHeaders_test, 135 wierszy w csDocsItemsPositions_test.
[paczka] +15 WZ (łącznie w stanie: 90/833), complete=false
[wynik] Zapisano do bazy "worek": 15 wierszy w csDocsHeaders_test, 162 wierszy w csDocsItemsPositions_test.
[paczka] +15 WZ (łącznie w stanie: 105/833), complete=false
[wynik] Zapisano do bazy "worek": 15 wierszy w csDocsHeaders_test, 175 wierszy w csDocsItemsPositions_test.
[paczka] +15 WZ (łącznie w stanie: 120/833), complete=false
[wynik] Zapisano do bazy "worek": 15 wierszy w csDocsHeaders_test, 100 wierszy w csDocsItemsPositions_test.
[paczka] +15 WZ (łącznie w stanie: 135/833), complete=false
[wynik] Zapisano do bazy "worek": 15 wierszy w csDocsHeaders_test, 128 wierszy w csDocsItemsPositions_test.
[paczka] +15 WZ (łącznie w stanie: 150/833), complete=false
[wynik] Zapisano do bazy "worek": 15 wierszy w csDocsHeaders_test, 98 wierszy w csDocsItemsPositions_test.
[paczka] +15 WZ (łącznie w stanie: 165/833), complete=false
[wynik] Zapisano do bazy "worek": 15 wierszy w csDocsHeaders_test, 99 wierszy w csDocsItemsPositions_test.
[paczka] +15 WZ (łącznie w stanie: 180/833), complete=false
[wynik] Zapisano do bazy "worek": 15 wierszy w csDocsHeaders_test, 72 wierszy w csDocsItemsPositions_test.
[paczka] +15 WZ (łącznie w stanie: 195/833), complete=false
[wynik] Zapisano do bazy "worek": 15 wierszy w csDocsHeaders_test, 79 wierszy w csDocsItemsPositions_test.
[paczka] +15 WZ (łącznie w stanie: 210/833), complete=false
[wynik] Zapisano do bazy "worek": 15 wierszy w csDocsHeaders_test, 68 wierszy w csDocsItemsPositions_test.
[paczka] +15 WZ (łącznie w stanie: 225/833), complete=false
[wynik] Zapisano do bazy "worek": 15 wierszy w csDocsHeaders_test, 91 wierszy w csDocsItemsPositions_test.
[paczka] +15 WZ (łącznie w stanie: 240/833), complete=false
[wynik] Zapisano do bazy "worek": 15 wierszy w csDocsHeaders_test, 65 wierszy w csDocsItemsPositions_test.
[paczka] +15 WZ (łącznie w stanie: 255/833), complete=false
[wynik] Zapisano do bazy "worek": 15 wierszy w csDocsHeaders_test, 71 wierszy w csDocsItemsPositions_test.
[paczka] +15 WZ (łącznie w stanie: 270/833), complete=false
[wynik] Zapisano do bazy "worek": 15 wierszy w csDocsHeaders_test, 85 wierszy w csDocsItemsPositions_test.
[paczka] +15 WZ (łącznie w stanie: 285/833), complete=false
[wynik] Zapisano do bazy "worek": 15 wierszy w csDocsHeaders_test, 63 wierszy w csDocsItemsPositions_test.
[paczka] +15 WZ (łącznie w stanie: 300/833), complete=false
[wynik] Zapisano do bazy "worek": 15 wierszy w csDocsHeaders_test, 77 wierszy w csDocsItemsPositions_test.
[paczka] +15 WZ (łącznie w stanie: 315/833), complete=false
[wynik] Zapisano do bazy "worek": 15 wierszy w csDocsHeaders_test, 103 wierszy w csDocsItemsPositions_test.
[paczka] +15 WZ (łącznie w stanie: 330/833), complete=false
[wynik] Zapisano do bazy "worek": 15 wierszy w csDocsHeaders_test, 124 wierszy w csDocsItemsPositions_test.
[paczka] +15 WZ (łącznie w stanie: 345/833), complete=false
[wynik] Zapisano do bazy "worek": 15 wierszy w csDocsHeaders_test, 143 wierszy w csDocsItemsPositions_test.
[paczka] +15 WZ (łącznie w stanie: 360/833), complete=false
[wynik] Zapisano do bazy "worek": 15 wierszy w csDocsHeaders_test, 144 wierszy w csDocsItemsPositions_test.
[paczka] +15 WZ (łącznie w stanie: 375/833), complete=false
[wynik] Zapisano do bazy "worek": 15 wierszy w csDocsHeaders_test, 159 wierszy w csDocsItemsPositions_test.
[paczka] +15 WZ (łącznie w stanie: 390/833), complete=false
[wynik] Zapisano do bazy "worek": 15 wierszy w csDocsHeaders_test, 101 wierszy w csDocsItemsPositions_test.
[paczka] +15 WZ (łącznie w stanie: 405/833), complete=false
[wynik] Zapisano do bazy "worek": 15 wierszy w csDocsHeaders_test, 56 wierszy w csDocsItemsPositions_test.
[paczka] +15 WZ (łącznie w stanie: 420/833), complete=false
[wynik] Zapisano do bazy "worek": 6 wierszy w csDocsHeaders_test, 18 wierszy w csDocsItemsPositions_test.
[paczka] +6 WZ (łącznie w stanie: 426/833), complete=false
[wz] Koniec sesji. Zebrano w tej sesji: 426 WZ, 2882 pozycji. Powód zatrzymania: session_time_limit.
[kontrola] NIEKOMPLETNE: mamy 426 z 833 zgłaszanych przez ERP (brakuje 407). Uruchom ponownie z tym samym filtrem, żeby dociągnąć resztę.
[git-log-push] Log i stan wypchnięte do repo.
