[sesja] Długość tej sesji: 35.3 min (losowo z przedziału 30-60).
[strona] ?LoadBaseSkin=0&NS=def52f60-f017-4de3-a4e4-5b0c1ffdf70f&Skin=CePixel&CPG=72203914-A31D-4B25-7735-F18BE44421C2&WORKLOCAL=4004&LocateCompany=1&Title=Savpol&DoNotUseAutoZoom=1&NG=1&countOpensWindows=1&includeOnlyUsableMenuItems=1
[strona] WebSocket connection to 'wss://erp.savpol.pl/csAPIServer/socket.io/?sessionId=2304184c-6b05-4c5d-ff19-2fb422868308&LanguageSuffix=PL&csUsrId=954110883&csCompaniesId=213217693&EIO=3&transport=websocket&sid=M_Wbi_a_MO3xfZwAAAzb' failed: Error during WebSocket handshake: Unexpected response code: 400
[błąd strony] Avoided redundant navigation to current location: "/".
[strona] [portal-vue]: Target c-grid-cell-tooltip already exists
[strona] [portal-vue]: Target c-chatter-tooltip already exists
[strona] [portal-vue]: Target c-manager-close-confirm-popup already exists
[strona] [portal-vue]: Target c-popovers already exists
[strona] Failed to load resource: the server responded with a status of 400 ()
[strona] Failed to load resource: the server responded with a status of 404 ()
[login] Zalogowano. URL: https://erp.savpol.pl/pl/panel-sterowania/csdashboard/213217693
[strona] WebSocket connection to 'wss://erp.savpol.pl/csAPIServer/socket.io/?sessionId=2304184c-6b05-4c5d-ff19-2fb422868308&LanguageSuffix=PL&csUsrId=29270321220&csCompaniesId=213217693&EIO=3&transport=websocket&sid=8kwXnqjbsuAKJWj0AAze' failed: Error during WebSocket handshake: Unexpected response code: 400
[strona] ?LoadBaseSkin=0&NS=def52f60-f017-4de3-a4e4-5b0c1ffdf70f&Skin=CePixel&CPG=72203914-A31D-4B25-7735-F18BE44421C2&WORKLOCAL=4004&LocateCompany=1&Title=Savpol&DoNotUseAutoZoom=1&NG=1&countOpensWindows=1&includeOnlyUsableMenuItems=1
[strona] Failed to load resource: the server responded with a status of 404 ()
[strona] Failed to load resource: the server responded with a status of 400 ()
[strona] SOCKET ERROR Error: xhr poll error
    at n.onError (https://erp.savpol.pl/Default_006_413_part_6_2fd89947e067cc286c868cc0c58c3d81.min.js:186:31238)
    at i.<anonymous> (https://erp.savpol.pl/Default_006_413_part_6_2fd89947e067cc286c868cc0c58c3d81.min.js:186:26201)
    at n.emit (https://erp.savpol.pl/Default_006_413_part_6_2fd89947e067cc286c868cc0c58c3d81.min.js:186:6309)
    at i.onError (https://erp.savpol.pl/Default_006_413_part_6_2fd89947e067cc286c868cc0c58c3d81.min.js:186:27872)
    at https://erp.savpol.pl/Default_006_413_part_6_2fd89947e067cc286c868cc0c58c3d81.min.js:186:27504
[strona] WebSocket connection to 'wss://erp.savpol.pl/csAPIServer/socket.io/?sessionId=2304184c-6b05-4c5d-ff19-2fb422868308&LanguageSuffix=PL&csUsrId=29270321220&csCompaniesId=213217693&EIO=3&transport=websocket&sid=GeEF2EGLr8Kqukt-AAzf' failed: WebSocket is closed before the connection is established.
[strona] Failed to load resource: the server responded with a status of 400 ()
[strona] WebSocket connection to 'wss://erp.savpol.pl/csAPIServer/socket.io/?sessionId=2304184c-6b05-4c5d-ff19-2fb422868308&LanguageSuffix=PL&csUsrId=29270321220&csCompaniesId=213217693&EIO=3&transport=websocket&sid=CBhfAxjbXGogfGn7AAzO' failed: Error during WebSocket handshake: Unexpected response code: 400
[filtr-typ] Zastosowano zapisany filtr "WZ". Rekordów: przed=, po=0
[filtr] Wartości pól po wpisaniu: {"od":"2026-09-17","do":"2026-09-17"}
[filtr] Ustawiono zakres 2026-09-17..2026-09-17, kliknięto ".ButtonRefresh". Rekordów: przed=0, po=818
[wz] ERP zgłasza 818 dokumentów dla tego filtra. Mamy już 0 z poprzednich sesji.
[wz] Lista załadowana. Startuję zbieranie w paczkach po 15 dok. (max 900 łącznie w tej sesji)...
[strona] Failed to load resource: the server responded with a status of 400 ()
[strona] SOCKET ERROR Error: xhr poll error
    at n.onError (https://erp.savpol.pl/Default_006_413_part_6_2fd89947e067cc286c868cc0c58c3d81.min.js:186:31238)
    at i.<anonymous> (https://erp.savpol.pl/Default_006_413_part_6_2fd89947e067cc286c868cc0c58c3d81.min.js:186:26201)
    at n.emit (https://erp.savpol.pl/Default_006_413_part_6_2fd89947e067cc286c868cc0c58c3d81.min.js:186:6309)
    at i.onError (https://erp.savpol.pl/Default_006_413_part_6_2fd89947e067cc286c868cc0c58c3d81.min.js:186:27872)
    at https://erp.savpol.pl/Default_006_413_part_6_2fd89947e067cc286c868cc0c58c3d81.min.js:186:27504
[strona] Failed to load resource: the server responded with a status of 400 ()
[strona] SOCKET ERROR Error: xhr poll error
    at n.onError (https://erp.savpol.pl/Default_006_413_part_6_2fd89947e067cc286c868cc0c58c3d81.min.js:186:31238)
    at i.<anonymous> (https://erp.savpol.pl/Default_006_413_part_6_2fd89947e067cc286c868cc0c58c3d81.min.js:186:26201)
    at n.emit (https://erp.savpol.pl/Default_006_413_part_6_2fd89947e067cc286c868cc0c58c3d81.min.js:186:6309)
    at i.onError (https://erp.savpol.pl/Default_006_413_part_6_2fd89947e067cc286c868cc0c58c3d81.min.js:186:27872)
    at https://erp.savpol.pl/Default_006_413_part_6_2fd89947e067cc286c868cc0c58c3d81.min.js:186:27504
[strona] WebSocket connection to 'wss://erp.savpol.pl/csAPIServer/socket.io/?sessionId=2304184c-6b05-4c5d-ff19-2fb422868308&LanguageSuffix=PL&csUsrId=29270321220&csCompaniesId=213217693&EIO=3&transport=websocket&sid=K7NuE0dTi6CdonknAAzn' failed: WebSocket is closed before the connection is established.
[strona] Failed to load resource: the server responded with a status of 400 ()
[strona] SOCKET ERROR Error: xhr poll error
    at n.onError (https://erp.savpol.pl/Default_006_413_part_6_2fd89947e067cc286c868cc0c58c3d81.min.js:186:31238)
    at i.<anonymous> (https://erp.savpol.pl/Default_006_413_part_6_2fd89947e067cc286c868cc0c58c3d81.min.js:186:26201)
    at n.emit (https://erp.savpol.pl/Default_006_413_part_6_2fd89947e067cc286c868cc0c58c3d81.min.js:186:6309)
    at i.onError (https://erp.savpol.pl/Default_006_413_part_6_2fd89947e067cc286c868cc0c58c3d81.min.js:186:27872)
    at https://erp.savpol.pl/Default_006_413_part_6_2fd89947e067cc286c868cc0c58c3d81.min.js:186:27504
[strona] WebSocket connection to 'wss://erp.savpol.pl/csAPIServer/socket.io/?sessionId=2304184c-6b05-4c5d-ff19-2fb422868308&LanguageSuffix=PL&csUsrId=29270321220&csCompaniesId=213217693&EIO=3&transport=websocket&sid=ny6_fzf8LOr-QbUBAAzY' failed: WebSocket is closed before the connection is established.
[strona] Failed to load resource: the server responded with a status of 400 ()
[strona] Failed to load resource: the server responded with a status of 400 ()
[strona] SOCKET ERROR Error: xhr poll error
    at n.onError (https://erp.savpol.pl/Default_006_413_part_6_2fd89947e067cc286c868cc0c58c3d81.min.js:186:31238)
    at i.<anonymous> (https://erp.savpol.pl/Default_006_413_part_6_2fd89947e067cc286c868cc0c58c3d81.min.js:186:26201)
    at n.emit (https://erp.savpol.pl/Default_006_413_part_6_2fd89947e067cc286c868cc0c58c3d81.min.js:186:6309)
    at i.onError (https://erp.savpol.pl/Default_006_413_part_6_2fd89947e067cc286c868cc0c58c3d81.min.js:186:27872)
    at https://erp.savpol.pl/Default_006_413_part_6_2fd89947e067cc286c868cc0c58c3d81.min.js:186:27504
[strona] WebSocket connection to 'wss://erp.savpol.pl/csAPIServer/socket.io/?sessionId=2304184c-6b05-4c5d-ff19-2fb422868308&LanguageSuffix=PL&csUsrId=29270321220&csCompaniesId=213217693&EIO=3&transport=websocket&sid=BDdoKthG0KkQs9PNAAza' failed: WebSocket is closed before the connection is established.
(node:49748) [DEP0123] DeprecationWarning: Setting the TLS ServerName to an IP address is not permitted by RFC 6066. This will be ignored in a future version.
(Use `node --trace-deprecation ...` to show where the warning was created)
[wynik] Zapisano do bazy "worek": 15 wierszy w csDocsHeaders_test, 75 wierszy w csDocsItemsPositions_test.
[paczka] +15 WZ (łącznie w stanie: 15/818), complete=false
[wynik] Zapisano do bazy "worek": 15 wierszy w csDocsHeaders_test, 137 wierszy w csDocsItemsPositions_test.
[paczka] +15 WZ (łącznie w stanie: 30/818), complete=false
[wynik] Zapisano do bazy "worek": 15 wierszy w csDocsHeaders_test, 93 wierszy w csDocsItemsPositions_test.
[paczka] +15 WZ (łącznie w stanie: 45/818), complete=false
[wynik] Zapisano do bazy "worek": 15 wierszy w csDocsHeaders_test, 67 wierszy w csDocsItemsPositions_test.
[paczka] +15 WZ (łącznie w stanie: 60/818), complete=false
[wynik] Zapisano do bazy "worek": 15 wierszy w csDocsHeaders_test, 150 wierszy w csDocsItemsPositions_test.
[paczka] +15 WZ (łącznie w stanie: 75/818), complete=false
[wynik] Zapisano do bazy "worek": 15 wierszy w csDocsHeaders_test, 158 wierszy w csDocsItemsPositions_test.
[paczka] +15 WZ (łącznie w stanie: 90/818), complete=false
[wynik] Zapisano do bazy "worek": 15 wierszy w csDocsHeaders_test, 98 wierszy w csDocsItemsPositions_test.
[paczka] +15 WZ (łącznie w stanie: 105/818), complete=false
[wynik] Zapisano do bazy "worek": 15 wierszy w csDocsHeaders_test, 118 wierszy w csDocsItemsPositions_test.
[paczka] +15 WZ (łącznie w stanie: 120/818), complete=false
[wynik] Zapisano do bazy "worek": 15 wierszy w csDocsHeaders_test, 93 wierszy w csDocsItemsPositions_test.
[paczka] +15 WZ (łącznie w stanie: 135/818), complete=false
[wynik] Zapisano do bazy "worek": 15 wierszy w csDocsHeaders_test, 70 wierszy w csDocsItemsPositions_test.
[paczka] +15 WZ (łącznie w stanie: 150/818), complete=false
[wynik] Zapisano do bazy "worek": 15 wierszy w csDocsHeaders_test, 88 wierszy w csDocsItemsPositions_test.
[paczka] +15 WZ (łącznie w stanie: 165/818), complete=false
[wynik] Zapisano do bazy "worek": 15 wierszy w csDocsHeaders_test, 63 wierszy w csDocsItemsPositions_test.
[paczka] +15 WZ (łącznie w stanie: 180/818), complete=false
[wynik] Zapisano do bazy "worek": 15 wierszy w csDocsHeaders_test, 45 wierszy w csDocsItemsPositions_test.
[paczka] +15 WZ (łącznie w stanie: 195/818), complete=false
[wynik] Zapisano do bazy "worek": 15 wierszy w csDocsHeaders_test, 65 wierszy w csDocsItemsPositions_test.
[paczka] +15 WZ (łącznie w stanie: 210/818), complete=false
[wynik] Zapisano do bazy "worek": 15 wierszy w csDocsHeaders_test, 64 wierszy w csDocsItemsPositions_test.
[paczka] +15 WZ (łącznie w stanie: 225/818), complete=false
[wynik] Zapisano do bazy "worek": 15 wierszy w csDocsHeaders_test, 61 wierszy w csDocsItemsPositions_test.
[paczka] +15 WZ (łącznie w stanie: 240/818), complete=false
[wynik] Zapisano do bazy "worek": 15 wierszy w csDocsHeaders_test, 137 wierszy w csDocsItemsPositions_test.
[paczka] +15 WZ (łącznie w stanie: 255/818), complete=false
[wynik] Zapisano do bazy "worek": 15 wierszy w csDocsHeaders_test, 73 wierszy w csDocsItemsPositions_test.
[paczka] +15 WZ (łącznie w stanie: 270/818), complete=false
[wynik] Zapisano do bazy "worek": 15 wierszy w csDocsHeaders_test, 77 wierszy w csDocsItemsPositions_test.
[paczka] +15 WZ (łącznie w stanie: 285/818), complete=false
[wynik] Zapisano do bazy "worek": 15 wierszy w csDocsHeaders_test, 120 wierszy w csDocsItemsPositions_test.
[paczka] +15 WZ (łącznie w stanie: 300/818), complete=false
[wynik] Zapisano do bazy "worek": 15 wierszy w csDocsHeaders_test, 117 wierszy w csDocsItemsPositions_test.
[paczka] +15 WZ (łącznie w stanie: 315/818), complete=false
[wynik] Zapisano do bazy "worek": 15 wierszy w csDocsHeaders_test, 81 wierszy w csDocsItemsPositions_test.
[paczka] +15 WZ (łącznie w stanie: 330/818), complete=false
[wynik] Zapisano do bazy "worek": 15 wierszy w csDocsHeaders_test, 213 wierszy w csDocsItemsPositions_test.
[paczka] +15 WZ (łącznie w stanie: 345/818), complete=false
[wynik] Zapisano do bazy "worek": 15 wierszy w csDocsHeaders_test, 99 wierszy w csDocsItemsPositions_test.
[paczka] +15 WZ (łącznie w stanie: 360/818), complete=false
[wynik] Zapisano do bazy "worek": 15 wierszy w csDocsHeaders_test, 73 wierszy w csDocsItemsPositions_test.
[paczka] +15 WZ (łącznie w stanie: 375/818), complete=false
[wynik] Zapisano do bazy "worek": 15 wierszy w csDocsHeaders_test, 79 wierszy w csDocsItemsPositions_test.
[paczka] +15 WZ (łącznie w stanie: 390/818), complete=false
[wynik] Zapisano do bazy "worek": 15 wierszy w csDocsHeaders_test, 95 wierszy w csDocsItemsPositions_test.
[paczka] +15 WZ (łącznie w stanie: 405/818), complete=false
[wynik] Zapisano do bazy "worek": 15 wierszy w csDocsHeaders_test, 67 wierszy w csDocsItemsPositions_test.
[paczka] +15 WZ (łącznie w stanie: 420/818), complete=false
[wynik] Zapisano do bazy "worek": 15 wierszy w csDocsHeaders_test, 72 wierszy w csDocsItemsPositions_test.
[paczka] +15 WZ (łącznie w stanie: 435/818), complete=false
[wynik] Zapisano do bazy "worek": 15 wierszy w csDocsHeaders_test, 120 wierszy w csDocsItemsPositions_test.
[paczka] +15 WZ (łącznie w stanie: 450/818), complete=false
[wynik] Zapisano do bazy "worek": 15 wierszy w csDocsHeaders_test, 86 wierszy w csDocsItemsPositions_test.
[paczka] +15 WZ (łącznie w stanie: 465/818), complete=false
[wynik] Zapisano do bazy "worek": 15 wierszy w csDocsHeaders_test, 100 wierszy w csDocsItemsPositions_test.
[paczka] +15 WZ (łącznie w stanie: 480/818), complete=false
[wynik] Zapisano do bazy "worek": 15 wierszy w csDocsHeaders_test, 42 wierszy w csDocsItemsPositions_test.
[paczka] +15 WZ (łącznie w stanie: 495/818), complete=false
[wynik] Zapisano do bazy "worek": 15 wierszy w csDocsHeaders_test, 73 wierszy w csDocsItemsPositions_test.
[paczka] +15 WZ (łącznie w stanie: 510/818), complete=false
[wynik] Zapisano do bazy "worek": 15 wierszy w csDocsHeaders_test, 62 wierszy w csDocsItemsPositions_test.
[paczka] +15 WZ (łącznie w stanie: 525/818), complete=false
[wynik] Zapisano do bazy "worek": 15 wierszy w csDocsHeaders_test, 62 wierszy w csDocsItemsPositions_test.
[paczka] +15 WZ (łącznie w stanie: 540/818), complete=false
[wynik] Zapisano do bazy "worek": 15 wierszy w csDocsHeaders_test, 44 wierszy w csDocsItemsPositions_test.
[paczka] +15 WZ (łącznie w stanie: 555/818), complete=false
