[sesja] Długość tej sesji: 59.7 min (losowo z przedziału 30-60).
[wznowienie] Znaleziono stan dla 2026-09-17..2026-09-17: 555 dok. już zebranych wcześniej.
[strona] ?LoadBaseSkin=0&NS=def52f60-f017-4de3-a4e4-5b0c1ffdf70f&Skin=CePixel&CPG=72203914-A31D-4B25-7735-F18BE44421C2&WORKLOCAL=4004&LocateCompany=1&Title=Savpol&DoNotUseAutoZoom=1&NG=1&countOpensWindows=1&includeOnlyUsableMenuItems=1
[strona] WebSocket connection to 'wss://erp.savpol.pl/csAPIServer/socket.io/?sessionId=cde21999-dfc5-43c8-678d-7472876792f5&LanguageSuffix=PL&csUsrId=954110883&csCompaniesId=213217693&EIO=3&transport=websocket&sid=3_61XyMO1WeDRH9iACCs' failed: Error during WebSocket handshake: Unexpected response code: 400
[strona] [portal-vue]: Target c-grid-cell-tooltip already exists
[strona] [portal-vue]: Target c-chatter-tooltip already exists
[strona] [portal-vue]: Target c-manager-close-confirm-popup already exists
[strona] [portal-vue]: Target c-popovers already exists
[strona] Failed to load resource: the server responded with a status of 404 ()
[strona] Failed to load resource: the server responded with a status of 400 ()
[strona] Failed to load resource: the server responded with a status of 400 ()
[strona] SOCKET ERROR Error: xhr poll error
    at n.onError (https://erp.savpol.pl/Default_006_413_part_6_2fd89947e067cc286c868cc0c58c3d81.min.js:186:31238)
    at i.<anonymous> (https://erp.savpol.pl/Default_006_413_part_6_2fd89947e067cc286c868cc0c58c3d81.min.js:186:26201)
    at n.emit (https://erp.savpol.pl/Default_006_413_part_6_2fd89947e067cc286c868cc0c58c3d81.min.js:186:6309)
    at i.onError (https://erp.savpol.pl/Default_006_413_part_6_2fd89947e067cc286c868cc0c58c3d81.min.js:186:27872)
    at https://erp.savpol.pl/Default_006_413_part_6_2fd89947e067cc286c868cc0c58c3d81.min.js:186:27504
[strona] Failed to load resource: the server responded with a status of 400 ()
[login] Zalogowano. URL: https://erp.savpol.pl/pl/panel-sterowania/csdashboard/213217693
[strona] ?LoadBaseSkin=0&NS=def52f60-f017-4de3-a4e4-5b0c1ffdf70f&Skin=CePixel&CPG=72203914-A31D-4B25-7735-F18BE44421C2&WORKLOCAL=4004&LocateCompany=1&Title=Savpol&DoNotUseAutoZoom=1&NG=1&countOpensWindows=1&includeOnlyUsableMenuItems=1
[strona] Failed to load resource: the server responded with a status of 404 ()
[filtr-typ] Zastosowano zapisany filtr "WZ". Rekordów: przed=, po=0
[filtr] Wartości pól po wpisaniu: {"od":"2026-09-17","do":"2026-09-17"}
[filtr] Ustawiono zakres 2026-09-17..2026-09-17, kliknięto ".ButtonRefresh". Rekordów: przed=0, po=818
[wz] ERP zgłasza 818 dokumentów dla tego filtra. Mamy już 555 z poprzednich sesji.
[wz] Lista załadowana. Startuję zbieranie w paczkach po 15 dok. (max 900 łącznie w tej sesji)...
(node:13296) [DEP0123] DeprecationWarning: Setting the TLS ServerName to an IP address is not permitted by RFC 6066. This will be ignored in a future version.
(Use `node --trace-deprecation ...` to show where the warning was created)
[wynik] Zapisano do bazy "worek": 15 wierszy w csDocsHeaders_test, 65 wierszy w csDocsItemsPositions_test.
[paczka] +15 WZ (łącznie w stanie: 570/818), complete=false
[wynik] Zapisano do bazy "worek": 15 wierszy w csDocsHeaders_test, 150 wierszy w csDocsItemsPositions_test.
[paczka] +15 WZ (łącznie w stanie: 585/818), complete=false
[wynik] Zapisano do bazy "worek": 15 wierszy w csDocsHeaders_test, 154 wierszy w csDocsItemsPositions_test.
[paczka] +15 WZ (łącznie w stanie: 600/818), complete=false
[wynik] Zapisano do bazy "worek": 15 wierszy w csDocsHeaders_test, 148 wierszy w csDocsItemsPositions_test.
[paczka] +15 WZ (łącznie w stanie: 615/818), complete=false
[wynik] Zapisano do bazy "worek": 15 wierszy w csDocsHeaders_test, 120 wierszy w csDocsItemsPositions_test.
[paczka] +15 WZ (łącznie w stanie: 630/818), complete=false
[wynik] Zapisano do bazy "worek": 15 wierszy w csDocsHeaders_test, 91 wierszy w csDocsItemsPositions_test.
[paczka] +15 WZ (łącznie w stanie: 645/818), complete=false
[wynik] Zapisano do bazy "worek": 15 wierszy w csDocsHeaders_test, 94 wierszy w csDocsItemsPositions_test.
[paczka] +15 WZ (łącznie w stanie: 660/818), complete=false
