[sesja] Długość tej sesji: 44.4 min (losowo z przedziału 30-60).
[strona] ?LoadBaseSkin=0&NS=def52f60-f017-4de3-a4e4-5b0c1ffdf70f&Skin=CePixel&CPG=72203914-A31D-4B25-7735-F18BE44421C2&WORKLOCAL=4004&LocateCompany=1&Title=Savpol&DoNotUseAutoZoom=1&NG=1&countOpensWindows=1&includeOnlyUsableMenuItems=1
[strona] WebSocket connection to 'wss://erp.savpol.pl/csAPIServer/socket.io/?sessionId=3d71caf2-d54e-4042-e2f6-8b4e1dd29fd6&LanguageSuffix=PL&csUsrId=954110883&csCompaniesId=213217693&EIO=3&transport=websocket&sid=z58IHURBSBrEjKtRAAKh' failed: Error during WebSocket handshake: Unexpected response code: 400
[błąd strony] Avoided redundant navigation to current location: "/".
[strona] [portal-vue]: Target c-grid-cell-tooltip already exists
[strona] [portal-vue]: Target c-chatter-tooltip already exists
[strona] [portal-vue]: Target c-manager-close-confirm-popup already exists
[strona] [portal-vue]: Target c-popovers already exists
[strona] Failed to load resource: the server responded with a status of 404 ()
[strona] Failed to load resource: the server responded with a status of 400 ()
[strona] Failed to load resource: the server responded with a status of 400 ()
[strona] WebSocket connection to 'wss://erp.savpol.pl/csAPIServer/socket.io/?sessionId=3d71caf2-d54e-4042-e2f6-8b4e1dd29fd6&LanguageSuffix=PL&csUsrId=29270321220&csCompaniesId=213217693&EIO=3&transport=websocket&sid=syNiFId_P0R2tJlNAAKi' failed: WebSocket is closed before the connection is established.
[login] Zalogowano. URL: https://erp.savpol.pl/pl/panel-sterowania/csdashboard/213217693
[strona] ?LoadBaseSkin=0&NS=def52f60-f017-4de3-a4e4-5b0c1ffdf70f&Skin=CePixel&CPG=72203914-A31D-4B25-7735-F18BE44421C2&WORKLOCAL=4004&LocateCompany=1&Title=Savpol&DoNotUseAutoZoom=1&NG=1&countOpensWindows=1&includeOnlyUsableMenuItems=1
[strona] Failed to load resource: the server responded with a status of 404 ()
[filtr-typ] Zastosowano zapisany filtr "WZ". Rekordów: przed=, po=0
[filtr] Wartości pól po wpisaniu: {"od":"2026-09-19","do":"2026-09-19"}
[filtr] Licznik rekordów nie zmienił się w 15s po kliknięciu ".ButtonRefresh" — możliwe, że filtr się nie zastosował.
[filtr] Ustawiono zakres 2026-09-19..2026-09-19, kliknięto ".ButtonRefresh". Rekordów: przed=0, po=0
[wz] UWAGA: nie udało się odczytać liczby dokumentów z pagera (dostałem "0") — kontrola na koniec przebiegu będzie pominięta.
[wz] ERP zgłasza 0 dokumentów dla tego filtra. Mamy już 0 z poprzednich sesji.
[wz] Lista załadowana. Startuję zbieranie w paczkach po 15 dok. (max 900 łącznie w tej sesji)...
(node:51388) [DEP0123] DeprecationWarning: Setting the TLS ServerName to an IP address is not permitted by RFC 6066. This will be ignored in a future version.
(Use `node --trace-deprecation ...` to show where the warning was created)
[wynik] Zapisano do bazy "worek": 0 wierszy w csDocsHeaders_test, 0 wierszy w csDocsItemsPositions_test.
[paczka] +0 WZ (łącznie w stanie: 0), complete=false
[wz] Koniec sesji. Zebrano w tej sesji: 0 WZ, 0 pozycji. Powód zatrzymania: pagination_stuck.
[git-log-push] Log i stan wypchnięte do repo.
