[sesja] Długość tej sesji: 51.5 min (losowo z przedziału 30-60).
[wznowienie] Znaleziono stan dla 2026-07-30..2026-07-30: 739 dok. już zebranych wcześniej.
[strona] ?LoadBaseSkin=0&NS=def52f60-f017-4de3-a4e4-5b0c1ffdf70f&Skin=CePixel&CPG=72203914-A31D-4B25-7735-F18BE44421C2&WORKLOCAL=4004&LocateCompany=1&Title=Savpol&DoNotUseAutoZoom=1&NG=1&countOpensWindows=1&includeOnlyUsableMenuItems=1
[strona] [portal-vue]: Target c-grid-cell-tooltip already exists
[strona] [portal-vue]: Target c-chatter-tooltip already exists
[strona] [portal-vue]: Target c-manager-close-confirm-popup already exists
[strona] [portal-vue]: Target c-popovers already exists
[strona] Failed to load resource: the server responded with a status of 404 ()
[strona] Failed to load resource: the server responded with a status of 400 ()
[strona] WebSocket connection to 'wss://erp.savpol.pl/csAPIServer/socket.io/?sessionId=150781c2-6dc5-4a80-f611-4feafef3e719&LanguageSuffix=PL&csUsrId=29270321220&csCompaniesId=213217693&EIO=3&transport=websocket&sid=G8Q9x4FhrSHkdNGxABHv' failed: WebSocket is closed before the connection is established.
[login] Zalogowano. URL: https://erp.savpol.pl/pl/panel-sterowania/csdashboard/213217693
[strona] ?LoadBaseSkin=0&NS=def52f60-f017-4de3-a4e4-5b0c1ffdf70f&Skin=CePixel&CPG=72203914-A31D-4B25-7735-F18BE44421C2&WORKLOCAL=4004&LocateCompany=1&Title=Savpol&DoNotUseAutoZoom=1&NG=1&countOpensWindows=1&includeOnlyUsableMenuItems=1
[strona] Failed to load resource: the server responded with a status of 404 ()
[filtr-typ] Zastosowano zapisany filtr "WZ". Rekordów: przed=, po=0
[filtr] Wartości pól po wpisaniu: {"od":"2026-07-30","do":"2026-07-30"}
[filtr] Ustawiono zakres 2026-07-30..2026-07-30, kliknięto ".ButtonRefresh". Rekordów: przed=0, po=930
[wz] ERP zgłasza 930 dokumentów dla tego filtra. Mamy już 739 z poprzednich sesji.
[wz] Lista załadowana. Startuję zbieranie w paczkach po 15 dok. (max 900 łącznie w tej sesji)...
(node:15412) [DEP0123] DeprecationWarning: Setting the TLS ServerName to an IP address is not permitted by RFC 6066. This will be ignored in a future version.
(Use `node --trace-deprecation ...` to show where the warning was created)
[wynik] Zapisano do bazy "worek": 15 wierszy w csDocsHeaders_test, 63 wierszy w csDocsItemsPositions_test.
[paczka] +15 WZ (łącznie w stanie: 754/930), complete=false
[wynik] Zapisano do bazy "worek": 15 wierszy w csDocsHeaders_test, 47 wierszy w csDocsItemsPositions_test.
[paczka] +15 WZ (łącznie w stanie: 769/930), complete=false
[wynik] Zapisano do bazy "worek": 15 wierszy w csDocsHeaders_test, 75 wierszy w csDocsItemsPositions_test.
[paczka] +15 WZ (łącznie w stanie: 784/930), complete=false
[wynik] Zapisano do bazy "worek": 15 wierszy w csDocsHeaders_test, 236 wierszy w csDocsItemsPositions_test.
[paczka] +15 WZ (łącznie w stanie: 799/930), complete=false
[wynik] Zapisano do bazy "worek": 15 wierszy w csDocsHeaders_test, 90 wierszy w csDocsItemsPositions_test.
[paczka] +15 WZ (łącznie w stanie: 814/930), complete=false
[wynik] Zapisano do bazy "worek": 15 wierszy w csDocsHeaders_test, 149 wierszy w csDocsItemsPositions_test.
[paczka] +15 WZ (łącznie w stanie: 829/930), complete=false
[wynik] Zapisano do bazy "worek": 15 wierszy w csDocsHeaders_test, 100 wierszy w csDocsItemsPositions_test.
[paczka] +15 WZ (łącznie w stanie: 844/930), complete=false
[wynik] Zapisano do bazy "worek": 15 wierszy w csDocsHeaders_test, 113 wierszy w csDocsItemsPositions_test.
[paczka] +15 WZ (łącznie w stanie: 859/930), complete=false
[wynik] Zapisano do bazy "worek": 15 wierszy w csDocsHeaders_test, 70 wierszy w csDocsItemsPositions_test.
[paczka] +15 WZ (łącznie w stanie: 874/930), complete=false
[wynik] Zapisano do bazy "worek": 15 wierszy w csDocsHeaders_test, 92 wierszy w csDocsItemsPositions_test.
[paczka] +15 WZ (łącznie w stanie: 889/930), complete=false
[wynik] Zapisano do bazy "worek": 15 wierszy w csDocsHeaders_test, 107 wierszy w csDocsItemsPositions_test.
[paczka] +15 WZ (łącznie w stanie: 904/930), complete=false
[wynik] Zapisano do bazy "worek": 15 wierszy w csDocsHeaders_test, 130 wierszy w csDocsItemsPositions_test.
[paczka] +15 WZ (łącznie w stanie: 919/930), complete=false
