[sesja] Długość tej sesji: 32.1 min (losowo z przedziału 30-60).
[strona] ?LoadBaseSkin=0&NS=def52f60-f017-4de3-a4e4-5b0c1ffdf70f&Skin=CePixel&CPG=72203914-A31D-4B25-7735-F18BE44421C2&WORKLOCAL=4004&LocateCompany=1&Title=Savpol&DoNotUseAutoZoom=1&NG=1&countOpensWindows=1&includeOnlyUsableMenuItems=1
[błąd strony] Avoided redundant navigation to current location: "/".
[strona] [portal-vue]: Target c-grid-cell-tooltip already exists
[strona] [portal-vue]: Target c-chatter-tooltip already exists
[strona] [portal-vue]: Target c-manager-close-confirm-popup already exists
[strona] [portal-vue]: Target c-popovers already exists
[strona] Failed to load resource: the server responded with a status of 404 ()
[strona] Failed to load resource: the server responded with a status of 400 ()
[strona] SOCKET ERROR Error: xhr poll error
    at n.onError (https://erp.savpol.pl/Default_006_413_part_6_2fd89947e067cc286c868cc0c58c3d81.min.js:186:31238)
    at i.<anonymous> (https://erp.savpol.pl/Default_006_413_part_6_2fd89947e067cc286c868cc0c58c3d81.min.js:186:26201)
    at n.emit (https://erp.savpol.pl/Default_006_413_part_6_2fd89947e067cc286c868cc0c58c3d81.min.js:186:6309)
    at i.onError (https://erp.savpol.pl/Default_006_413_part_6_2fd89947e067cc286c868cc0c58c3d81.min.js:186:27872)
    at https://erp.savpol.pl/Default_006_413_part_6_2fd89947e067cc286c868cc0c58c3d81.min.js:186:27504
[strona] WebSocket connection to 'wss://erp.savpol.pl/csAPIServer/socket.io/?sessionId=d7f47dc8-e44b-40bc-32a6-1c893e36dbe0&LanguageSuffix=PL&csUsrId=29270321220&csCompaniesId=213217693&EIO=3&transport=websocket&sid=rB33qt_0hFReHSLGABYf' failed: WebSocket is closed before the connection is established.
[login] Zalogowano. URL: https://erp.savpol.pl/pl/panel-sterowania/csdashboard/213217693
[strona] Failed to load resource: the server responded with a status of 400 ()
[strona] ?LoadBaseSkin=0&NS=def52f60-f017-4de3-a4e4-5b0c1ffdf70f&Skin=CePixel&CPG=72203914-A31D-4B25-7735-F18BE44421C2&WORKLOCAL=4004&LocateCompany=1&Title=Savpol&DoNotUseAutoZoom=1&NG=1&countOpensWindows=1&includeOnlyUsableMenuItems=1
[strona] Failed to load resource: the server responded with a status of 404 ()
[strona] WebSocket connection to 'wss://erp.savpol.pl/csAPIServer/socket.io/?sessionId=d7f47dc8-e44b-40bc-32a6-1c893e36dbe0&LanguageSuffix=PL&csUsrId=29270321220&csCompaniesId=213217693&EIO=3&transport=websocket&sid=h4AbFjWFHmyj45C5ABWg' failed: Error during WebSocket handshake: Unexpected response code: 400
[filtr-typ] Zastosowano zapisany filtr "WZ". Rekordów: przed=, po=0
[filtr] Wartości pól po wpisaniu: {"od":"2026-09-22","do":"2026-09-22"}
[filtr] Ustawiono zakres 2026-09-22..2026-09-22, kliknięto ".ButtonRefresh". Rekordów: przed=0, po=844
[wz] ERP zgłasza 844 dokumentów dla tego filtra. Mamy już 0 z poprzednich sesji.
[wz] Lista załadowana. Startuję zbieranie w paczkach po 15 dok. (max 900 łącznie w tej sesji)...
[strona] Failed to load resource: the server responded with a status of 400 ()
[strona] SOCKET ERROR Error: xhr post error
    at n.onError (https://erp.savpol.pl/Default_006_413_part_6_2fd89947e067cc286c868cc0c58c3d81.min.js:186:31238)
    at i.<anonymous> (https://erp.savpol.pl/Default_006_413_part_6_2fd89947e067cc286c868cc0c58c3d81.min.js:186:26032)
    at n.emit (https://erp.savpol.pl/Default_006_413_part_6_2fd89947e067cc286c868cc0c58c3d81.min.js:186:6309)
    at i.onError (https://erp.savpol.pl/Default_006_413_part_6_2fd89947e067cc286c868cc0c58c3d81.min.js:186:27872)
    at https://erp.savpol.pl/Default_006_413_part_6_2fd89947e067cc286c868cc0c58c3d81.min.js:186:27504
[strona] Failed to load resource: the server responded with a status of 400 ()
(node:37040) [DEP0123] DeprecationWarning: Setting the TLS ServerName to an IP address is not permitted by RFC 6066. This will be ignored in a future version.
(Use `node --trace-deprecation ...` to show where the warning was created)
[wynik] Zapisano do bazy "worek": 15 wierszy w csDocsHeaders_test, 67 wierszy w csDocsItemsPositions_test.
[paczka] +15 WZ (łącznie w stanie: 15/844), complete=false
[wynik] Zapisano do bazy "worek": 15 wierszy w csDocsHeaders_test, 101 wierszy w csDocsItemsPositions_test.
[paczka] +15 WZ (łącznie w stanie: 30/844), complete=false
[wynik] Zapisano do bazy "worek": 15 wierszy w csDocsHeaders_test, 128 wierszy w csDocsItemsPositions_test.
[paczka] +15 WZ (łącznie w stanie: 45/844), complete=false
[wynik] Zapisano do bazy "worek": 15 wierszy w csDocsHeaders_test, 109 wierszy w csDocsItemsPositions_test.
[paczka] +15 WZ (łącznie w stanie: 60/844), complete=false
[wynik] Zapisano do bazy "worek": 15 wierszy w csDocsHeaders_test, 121 wierszy w csDocsItemsPositions_test.
[paczka] +15 WZ (łącznie w stanie: 75/844), complete=false
[wynik] Zapisano do bazy "worek": 15 wierszy w csDocsHeaders_test, 170 wierszy w csDocsItemsPositions_test.
[paczka] +15 WZ (łącznie w stanie: 90/844), complete=false
[wynik] Zapisano do bazy "worek": 15 wierszy w csDocsHeaders_test, 118 wierszy w csDocsItemsPositions_test.
[paczka] +15 WZ (łącznie w stanie: 105/844), complete=false
[wynik] Zapisano do bazy "worek": 15 wierszy w csDocsHeaders_test, 173 wierszy w csDocsItemsPositions_test.
[paczka] +15 WZ (łącznie w stanie: 120/844), complete=false
[wynik] Zapisano do bazy "worek": 15 wierszy w csDocsHeaders_test, 185 wierszy w csDocsItemsPositions_test.
[paczka] +15 WZ (łącznie w stanie: 135/844), complete=false
[wynik] Zapisano do bazy "worek": 15 wierszy w csDocsHeaders_test, 139 wierszy w csDocsItemsPositions_test.
[paczka] +15 WZ (łącznie w stanie: 150/844), complete=false
[wynik] Zapisano do bazy "worek": 15 wierszy w csDocsHeaders_test, 128 wierszy w csDocsItemsPositions_test.
[paczka] +15 WZ (łącznie w stanie: 165/844), complete=false
[wynik] Zapisano do bazy "worek": 15 wierszy w csDocsHeaders_test, 58 wierszy w csDocsItemsPositions_test.
[paczka] +15 WZ (łącznie w stanie: 180/844), complete=false
[wynik] Zapisano do bazy "worek": 15 wierszy w csDocsHeaders_test, 75 wierszy w csDocsItemsPositions_test.
[paczka] +15 WZ (łącznie w stanie: 195/844), complete=false
[wynik] Zapisano do bazy "worek": 15 wierszy w csDocsHeaders_test, 95 wierszy w csDocsItemsPositions_test.
[paczka] +15 WZ (łącznie w stanie: 210/844), complete=false
[wynik] Zapisano do bazy "worek": 15 wierszy w csDocsHeaders_test, 76 wierszy w csDocsItemsPositions_test.
[paczka] +15 WZ (łącznie w stanie: 225/844), complete=false
[wynik] Zapisano do bazy "worek": 15 wierszy w csDocsHeaders_test, 82 wierszy w csDocsItemsPositions_test.
[paczka] +15 WZ (łącznie w stanie: 240/844), complete=false
[wynik] Zapisano do bazy "worek": 15 wierszy w csDocsHeaders_test, 77 wierszy w csDocsItemsPositions_test.
[paczka] +15 WZ (łącznie w stanie: 255/844), complete=false
[wynik] Zapisano do bazy "worek": 15 wierszy w csDocsHeaders_test, 68 wierszy w csDocsItemsPositions_test.
[paczka] +15 WZ (łącznie w stanie: 270/844), complete=false
[wynik] Zapisano do bazy "worek": 15 wierszy w csDocsHeaders_test, 84 wierszy w csDocsItemsPositions_test.
[paczka] +15 WZ (łącznie w stanie: 285/844), complete=false
[wynik] Zapisano do bazy "worek": 15 wierszy w csDocsHeaders_test, 77 wierszy w csDocsItemsPositions_test.
[paczka] +15 WZ (łącznie w stanie: 300/844), complete=false
[wynik] Zapisano do bazy "worek": 15 wierszy w csDocsHeaders_test, 93 wierszy w csDocsItemsPositions_test.
[paczka] +15 WZ (łącznie w stanie: 315/844), complete=false
[wynik] Zapisano do bazy "worek": 15 wierszy w csDocsHeaders_test, 95 wierszy w csDocsItemsPositions_test.
[paczka] +15 WZ (łącznie w stanie: 330/844), complete=false
[wynik] Zapisano do bazy "worek": 15 wierszy w csDocsHeaders_test, 106 wierszy w csDocsItemsPositions_test.
[paczka] +15 WZ (łącznie w stanie: 345/844), complete=false
[wynik] Zapisano do bazy "worek": 15 wierszy w csDocsHeaders_test, 127 wierszy w csDocsItemsPositions_test.
[paczka] +15 WZ (łącznie w stanie: 360/844), complete=false
[wynik] Zapisano do bazy "worek": 15 wierszy w csDocsHeaders_test, 176 wierszy w csDocsItemsPositions_test.
[paczka] +15 WZ (łącznie w stanie: 375/844), complete=false
[wynik] Zapisano do bazy "worek": 15 wierszy w csDocsHeaders_test, 93 wierszy w csDocsItemsPositions_test.
[paczka] +15 WZ (łącznie w stanie: 390/844), complete=false
[wynik] Zapisano do bazy "worek": 15 wierszy w csDocsHeaders_test, 125 wierszy w csDocsItemsPositions_test.
[paczka] +15 WZ (łącznie w stanie: 405/844), complete=false
[wynik] Zapisano do bazy "worek": 15 wierszy w csDocsHeaders_test, 31 wierszy w csDocsItemsPositions_test.
[paczka] +15 WZ (łącznie w stanie: 420/844), complete=false
[wynik] Zapisano do bazy "worek": 15 wierszy w csDocsHeaders_test, 82 wierszy w csDocsItemsPositions_test.
[paczka] +15 WZ (łącznie w stanie: 435/844), complete=false
[wynik] Zapisano do bazy "worek": 15 wierszy w csDocsHeaders_test, 128 wierszy w csDocsItemsPositions_test.
[paczka] +15 WZ (łącznie w stanie: 450/844), complete=false
[wynik] Zapisano do bazy "worek": 15 wierszy w csDocsHeaders_test, 133 wierszy w csDocsItemsPositions_test.
[paczka] +15 WZ (łącznie w stanie: 465/844), complete=false
[wynik] Zapisano do bazy "worek": 15 wierszy w csDocsHeaders_test, 140 wierszy w csDocsItemsPositions_test.
[paczka] +15 WZ (łącznie w stanie: 480/844), complete=false
[wynik] Zapisano do bazy "worek": 15 wierszy w csDocsHeaders_test, 78 wierszy w csDocsItemsPositions_test.
[paczka] +15 WZ (łącznie w stanie: 495/844), complete=false
[wynik] Zapisano do bazy "worek": 15 wierszy w csDocsHeaders_test, 116 wierszy w csDocsItemsPositions_test.
[paczka] +15 WZ (łącznie w stanie: 510/844), complete=false
[wynik] Zapisano do bazy "worek": 13 wierszy w csDocsHeaders_test, 37 wierszy w csDocsItemsPositions_test.
[paczka] +13 WZ (łącznie w stanie: 523/844), complete=false
[wz] Koniec sesji. Zebrano w tej sesji: 523 WZ, 3691 pozycji. Powód zatrzymania: session_time_limit.
[kontrola] NIEKOMPLETNE: mamy 523 z 844 zgłaszanych przez ERP (brakuje 321). Uruchom ponownie z tym samym filtrem, żeby dociągnąć resztę.
[git-log-push] Log i stan wypchnięte do repo.
