[sesja] Długość tej sesji: 31.8 min (losowo z przedziału 30-60).
[strona] ?LoadBaseSkin=0&NS=def52f60-f017-4de3-a4e4-5b0c1ffdf70f&Skin=CePixel&CPG=72203914-A31D-4B25-7735-F18BE44421C2&WORKLOCAL=4004&LocateCompany=1&Title=Savpol&DoNotUseAutoZoom=1&NG=1&countOpensWindows=1&includeOnlyUsableMenuItems=1
[strona] WebSocket connection to 'wss://erp.savpol.pl/csAPIServer/socket.io/?sessionId=71486f39-af5e-416d-9fd9-ab388a71f603&LanguageSuffix=PL&csUsrId=954110883&csCompaniesId=213217693&EIO=3&transport=websocket&sid=3S9QZq9c8zUqMf2jAAZr' failed: Error during WebSocket handshake: Unexpected response code: 400
[strona] Failed to load resource: the server responded with a status of 400 ()
[strona] SOCKET ERROR Error: xhr poll error
    at n.onError (https://erp.savpol.pl/Default_006_413_part_6_2fd89947e067cc286c868cc0c58c3d81.min.js:186:31238)
    at i.<anonymous> (https://erp.savpol.pl/Default_006_413_part_6_2fd89947e067cc286c868cc0c58c3d81.min.js:186:26201)
    at n.emit (https://erp.savpol.pl/Default_006_413_part_6_2fd89947e067cc286c868cc0c58c3d81.min.js:186:6309)
    at i.onError (https://erp.savpol.pl/Default_006_413_part_6_2fd89947e067cc286c868cc0c58c3d81.min.js:186:27872)
    at https://erp.savpol.pl/Default_006_413_part_6_2fd89947e067cc286c868cc0c58c3d81.min.js:186:27504
[strona] Failed to load resource: the server responded with a status of 400 ()
[błąd strony] Avoided redundant navigation to current location: "/".
[strona] Failed to load resource: the server responded with a status of 400 ()
[strona] SOCKET ERROR Error: xhr poll error
    at n.onError (https://erp.savpol.pl/Default_006_413_part_6_2fd89947e067cc286c868cc0c58c3d81.min.js:186:31238)
    at i.<anonymous> (https://erp.savpol.pl/Default_006_413_part_6_2fd89947e067cc286c868cc0c58c3d81.min.js:186:26201)
    at n.emit (https://erp.savpol.pl/Default_006_413_part_6_2fd89947e067cc286c868cc0c58c3d81.min.js:186:6309)
    at i.onError (https://erp.savpol.pl/Default_006_413_part_6_2fd89947e067cc286c868cc0c58c3d81.min.js:186:27872)
    at https://erp.savpol.pl/Default_006_413_part_6_2fd89947e067cc286c868cc0c58c3d81.min.js:186:27504
[strona] WebSocket connection to 'wss://erp.savpol.pl/csAPIServer/socket.io/?sessionId=71486f39-af5e-416d-9fd9-ab388a71f603&LanguageSuffix=PL&csUsrId=954110883&csCompaniesId=213217693&EIO=3&transport=websocket&sid=OTMwXUMJQxw8ws0CAAZt' failed: WebSocket is closed before the connection is established.
[strona] [portal-vue]: Target c-grid-cell-tooltip already exists
[strona] [portal-vue]: Target c-chatter-tooltip already exists
[strona] [portal-vue]: Target c-manager-close-confirm-popup already exists
[strona] [portal-vue]: Target c-popovers already exists
[strona] Failed to load resource: the server responded with a status of 404 ()
[strona] Failed to load resource: the server responded with a status of 400 ()
[strona] SOCKET ERROR Error: xhr poll error
    at n.onError (https://erp.savpol.pl/Default_006_413_part_6_2fd89947e067cc286c868cc0c58c3d81.min.js:186:31238)
    at i.<anonymous> (https://erp.savpol.pl/Default_006_413_part_6_2fd89947e067cc286c868cc0c58c3d81.min.js:186:26201)
    at n.emit (https://erp.savpol.pl/Default_006_413_part_6_2fd89947e067cc286c868cc0c58c3d81.min.js:186:6309)
    at i.onError (https://erp.savpol.pl/Default_006_413_part_6_2fd89947e067cc286c868cc0c58c3d81.min.js:186:27872)
    at https://erp.savpol.pl/Default_006_413_part_6_2fd89947e067cc286c868cc0c58c3d81.min.js:186:27504
[login] Zalogowano. URL: https://erp.savpol.pl/pl/panel-sterowania/csdashboard/213217693
[strona] Failed to load resource: the server responded with a status of 400 ()
[strona] ?LoadBaseSkin=0&NS=def52f60-f017-4de3-a4e4-5b0c1ffdf70f&Skin=CePixel&CPG=72203914-A31D-4B25-7735-F18BE44421C2&WORKLOCAL=4004&LocateCompany=1&Title=Savpol&DoNotUseAutoZoom=1&NG=1&countOpensWindows=1&includeOnlyUsableMenuItems=1
[strona] Failed to load resource: the server responded with a status of 404 ()
[filtr-typ] Zastosowano zapisany filtr "WZ". Rekordów: przed=, po=0
[filtr] Wartości pól po wpisaniu: {"od":"2026-09-23","do":"2026-09-23"}
[filtr] Ustawiono zakres 2026-09-23..2026-09-23, kliknięto ".ButtonRefresh". Rekordów: przed=0, po=802
[wz] ERP zgłasza 802 dokumentów dla tego filtra. Mamy już 0 z poprzednich sesji.
[wz] Lista załadowana. Startuję zbieranie w paczkach po 15 dok. (max 900 łącznie w tej sesji)...
(node:37332) [DEP0123] DeprecationWarning: Setting the TLS ServerName to an IP address is not permitted by RFC 6066. This will be ignored in a future version.
(Use `node --trace-deprecation ...` to show where the warning was created)
[wynik] UWAGA: zapis do tabel PRODUKCYJNYCH (csDocsHeaders/csDocsItemsPositions).
[wynik] Zapisano do bazy "worek": 15 wierszy w csDocsHeaders, 83 wierszy w csDocsItemsPositions.
[paczka] +15 WZ (łącznie w stanie: 15/802), complete=false
[wynik] UWAGA: zapis do tabel PRODUKCYJNYCH (csDocsHeaders/csDocsItemsPositions).
[wynik] Zapisano do bazy "worek": 15 wierszy w csDocsHeaders, 91 wierszy w csDocsItemsPositions.
[paczka] +15 WZ (łącznie w stanie: 30/802), complete=false
[wynik] UWAGA: zapis do tabel PRODUKCYJNYCH (csDocsHeaders/csDocsItemsPositions).
[wynik] Zapisano do bazy "worek": 15 wierszy w csDocsHeaders, 102 wierszy w csDocsItemsPositions.
[paczka] +15 WZ (łącznie w stanie: 45/802), complete=false
[wynik] UWAGA: zapis do tabel PRODUKCYJNYCH (csDocsHeaders/csDocsItemsPositions).
[wynik] Zapisano do bazy "worek": 15 wierszy w csDocsHeaders, 97 wierszy w csDocsItemsPositions.
[paczka] +15 WZ (łącznie w stanie: 60/802), complete=false
[wynik] UWAGA: zapis do tabel PRODUKCYJNYCH (csDocsHeaders/csDocsItemsPositions).
[wynik] Zapisano do bazy "worek": 15 wierszy w csDocsHeaders, 141 wierszy w csDocsItemsPositions.
[paczka] +15 WZ (łącznie w stanie: 75/802), complete=false
[wynik] UWAGA: zapis do tabel PRODUKCYJNYCH (csDocsHeaders/csDocsItemsPositions).
[wynik] Zapisano do bazy "worek": 15 wierszy w csDocsHeaders, 135 wierszy w csDocsItemsPositions.
[paczka] +15 WZ (łącznie w stanie: 90/802), complete=false
[wynik] UWAGA: zapis do tabel PRODUKCYJNYCH (csDocsHeaders/csDocsItemsPositions).
[wynik] Zapisano do bazy "worek": 15 wierszy w csDocsHeaders, 110 wierszy w csDocsItemsPositions.
[paczka] +15 WZ (łącznie w stanie: 105/802), complete=false
[wynik] UWAGA: zapis do tabel PRODUKCYJNYCH (csDocsHeaders/csDocsItemsPositions).
[wynik] Zapisano do bazy "worek": 15 wierszy w csDocsHeaders, 85 wierszy w csDocsItemsPositions.
[paczka] +15 WZ (łącznie w stanie: 120/802), complete=false
[wynik] UWAGA: zapis do tabel PRODUKCYJNYCH (csDocsHeaders/csDocsItemsPositions).
[wynik] Zapisano do bazy "worek": 15 wierszy w csDocsHeaders, 36 wierszy w csDocsItemsPositions.
[paczka] +15 WZ (łącznie w stanie: 135/802), complete=false
[wynik] UWAGA: zapis do tabel PRODUKCYJNYCH (csDocsHeaders/csDocsItemsPositions).
[wynik] Zapisano do bazy "worek": 15 wierszy w csDocsHeaders, 92 wierszy w csDocsItemsPositions.
[paczka] +15 WZ (łącznie w stanie: 150/802), complete=false
[wynik] UWAGA: zapis do tabel PRODUKCYJNYCH (csDocsHeaders/csDocsItemsPositions).
[wynik] Zapisano do bazy "worek": 15 wierszy w csDocsHeaders, 57 wierszy w csDocsItemsPositions.
[paczka] +15 WZ (łącznie w stanie: 165/802), complete=false
[wynik] UWAGA: zapis do tabel PRODUKCYJNYCH (csDocsHeaders/csDocsItemsPositions).
[wynik] Zapisano do bazy "worek": 15 wierszy w csDocsHeaders, 85 wierszy w csDocsItemsPositions.
[paczka] +15 WZ (łącznie w stanie: 180/802), complete=false
[wynik] UWAGA: zapis do tabel PRODUKCYJNYCH (csDocsHeaders/csDocsItemsPositions).
[wynik] Zapisano do bazy "worek": 15 wierszy w csDocsHeaders, 76 wierszy w csDocsItemsPositions.
[paczka] +15 WZ (łącznie w stanie: 195/802), complete=false
[wynik] UWAGA: zapis do tabel PRODUKCYJNYCH (csDocsHeaders/csDocsItemsPositions).
[wynik] Zapisano do bazy "worek": 15 wierszy w csDocsHeaders, 118 wierszy w csDocsItemsPositions.
[paczka] +15 WZ (łącznie w stanie: 210/802), complete=false
[wynik] UWAGA: zapis do tabel PRODUKCYJNYCH (csDocsHeaders/csDocsItemsPositions).
[wynik] Zapisano do bazy "worek": 15 wierszy w csDocsHeaders, 93 wierszy w csDocsItemsPositions.
[paczka] +15 WZ (łącznie w stanie: 225/802), complete=false
[wynik] UWAGA: zapis do tabel PRODUKCYJNYCH (csDocsHeaders/csDocsItemsPositions).
[wynik] Zapisano do bazy "worek": 15 wierszy w csDocsHeaders, 94 wierszy w csDocsItemsPositions.
[paczka] +15 WZ (łącznie w stanie: 240/802), complete=false
[wynik] UWAGA: zapis do tabel PRODUKCYJNYCH (csDocsHeaders/csDocsItemsPositions).
[wynik] Zapisano do bazy "worek": 15 wierszy w csDocsHeaders, 102 wierszy w csDocsItemsPositions.
[paczka] +15 WZ (łącznie w stanie: 255/802), complete=false
[wynik] UWAGA: zapis do tabel PRODUKCYJNYCH (csDocsHeaders/csDocsItemsPositions).
[wynik] Zapisano do bazy "worek": 15 wierszy w csDocsHeaders, 85 wierszy w csDocsItemsPositions.
[paczka] +15 WZ (łącznie w stanie: 270/802), complete=false
[wynik] UWAGA: zapis do tabel PRODUKCYJNYCH (csDocsHeaders/csDocsItemsPositions).
[wynik] Zapisano do bazy "worek": 15 wierszy w csDocsHeaders, 86 wierszy w csDocsItemsPositions.
[paczka] +15 WZ (łącznie w stanie: 285/802), complete=false
[wynik] UWAGA: zapis do tabel PRODUKCYJNYCH (csDocsHeaders/csDocsItemsPositions).
[wynik] Zapisano do bazy "worek": 15 wierszy w csDocsHeaders, 125 wierszy w csDocsItemsPositions.
[paczka] +15 WZ (łącznie w stanie: 300/802), complete=false
[wynik] UWAGA: zapis do tabel PRODUKCYJNYCH (csDocsHeaders/csDocsItemsPositions).
[wynik] Zapisano do bazy "worek": 15 wierszy w csDocsHeaders, 151 wierszy w csDocsItemsPositions.
[paczka] +15 WZ (łącznie w stanie: 315/802), complete=false
[wynik] UWAGA: zapis do tabel PRODUKCYJNYCH (csDocsHeaders/csDocsItemsPositions).
[wynik] Zapisano do bazy "worek": 15 wierszy w csDocsHeaders, 119 wierszy w csDocsItemsPositions.
[paczka] +15 WZ (łącznie w stanie: 330/802), complete=false
[wynik] UWAGA: zapis do tabel PRODUKCYJNYCH (csDocsHeaders/csDocsItemsPositions).
[wynik] Zapisano do bazy "worek": 15 wierszy w csDocsHeaders, 91 wierszy w csDocsItemsPositions.
[paczka] +15 WZ (łącznie w stanie: 345/802), complete=false
[wynik] UWAGA: zapis do tabel PRODUKCYJNYCH (csDocsHeaders/csDocsItemsPositions).
[wynik] Zapisano do bazy "worek": 15 wierszy w csDocsHeaders, 69 wierszy w csDocsItemsPositions.
[paczka] +15 WZ (łącznie w stanie: 360/802), complete=false
[wynik] UWAGA: zapis do tabel PRODUKCYJNYCH (csDocsHeaders/csDocsItemsPositions).
[wynik] Zapisano do bazy "worek": 15 wierszy w csDocsHeaders, 128 wierszy w csDocsItemsPositions.
[paczka] +15 WZ (łącznie w stanie: 375/802), complete=false
[wynik] UWAGA: zapis do tabel PRODUKCYJNYCH (csDocsHeaders/csDocsItemsPositions).
[wynik] Zapisano do bazy "worek": 15 wierszy w csDocsHeaders, 71 wierszy w csDocsItemsPositions.
[paczka] +15 WZ (łącznie w stanie: 390/802), complete=false
[wynik] UWAGA: zapis do tabel PRODUKCYJNYCH (csDocsHeaders/csDocsItemsPositions).
[wynik] Zapisano do bazy "worek": 15 wierszy w csDocsHeaders, 108 wierszy w csDocsItemsPositions.
[paczka] +15 WZ (łącznie w stanie: 405/802), complete=false
[wynik] UWAGA: zapis do tabel PRODUKCYJNYCH (csDocsHeaders/csDocsItemsPositions).
[wynik] Zapisano do bazy "worek": 15 wierszy w csDocsHeaders, 93 wierszy w csDocsItemsPositions.
[paczka] +15 WZ (łącznie w stanie: 420/802), complete=false
[wynik] UWAGA: zapis do tabel PRODUKCYJNYCH (csDocsHeaders/csDocsItemsPositions).
[wynik] Zapisano do bazy "worek": 15 wierszy w csDocsHeaders, 111 wierszy w csDocsItemsPositions.
[paczka] +15 WZ (łącznie w stanie: 435/802), complete=false
[wynik] UWAGA: zapis do tabel PRODUKCYJNYCH (csDocsHeaders/csDocsItemsPositions).
[wynik] Zapisano do bazy "worek": 15 wierszy w csDocsHeaders, 97 wierszy w csDocsItemsPositions.
[paczka] +15 WZ (łącznie w stanie: 450/802), complete=false
[wynik] UWAGA: zapis do tabel PRODUKCYJNYCH (csDocsHeaders/csDocsItemsPositions).
[wynik] Zapisano do bazy "worek": 15 wierszy w csDocsHeaders, 101 wierszy w csDocsItemsPositions.
[paczka] +15 WZ (łącznie w stanie: 465/802), complete=false
[wynik] UWAGA: zapis do tabel PRODUKCYJNYCH (csDocsHeaders/csDocsItemsPositions).
[wynik] Zapisano do bazy "worek": 15 wierszy w csDocsHeaders, 36 wierszy w csDocsItemsPositions.
[paczka] +15 WZ (łącznie w stanie: 480/802), complete=false
[wynik] UWAGA: zapis do tabel PRODUKCYJNYCH (csDocsHeaders/csDocsItemsPositions).
[wynik] Zapisano do bazy "worek": 15 wierszy w csDocsHeaders, 101 wierszy w csDocsItemsPositions.
[paczka] +15 WZ (łącznie w stanie: 495/802), complete=false
[wynik] UWAGA: zapis do tabel PRODUKCYJNYCH (csDocsHeaders/csDocsItemsPositions).
[wynik] Zapisano do bazy "worek": 15 wierszy w csDocsHeaders, 67 wierszy w csDocsItemsPositions.
[paczka] +15 WZ (łącznie w stanie: 510/802), complete=false
[wynik] UWAGA: zapis do tabel PRODUKCYJNYCH (csDocsHeaders/csDocsItemsPositions).
[wynik] Zapisano do bazy "worek": 5 wierszy w csDocsHeaders, 10 wierszy w csDocsItemsPositions.
[paczka] +5 WZ (łącznie w stanie: 515/802), complete=false
[wz] Koniec sesji. Zebrano w tej sesji: 515 WZ, 3246 pozycji. Powód zatrzymania: session_time_limit.
[kontrola] NIEKOMPLETNE: mamy 515 z 802 zgłaszanych przez ERP (brakuje 287). Uruchom ponownie z tym samym filtrem, żeby dociągnąć resztę.
[git-log-push] Log i stan wypchnięte do repo.
