[sesja] Długość tej sesji: 45.8 min (losowo z przedziału 30-60).
[strona] ?LoadBaseSkin=0&NS=def52f60-f017-4de3-a4e4-5b0c1ffdf70f&Skin=CePixel&CPG=72203914-A31D-4B25-7735-F18BE44421C2&WORKLOCAL=4004&LocateCompany=1&Title=Savpol&DoNotUseAutoZoom=1&NG=1&countOpensWindows=1&includeOnlyUsableMenuItems=1
[strona] WebSocket connection to 'wss://erp.savpol.pl/csAPIServer/socket.io/?sessionId=0a2d64b6-d36a-4de1-2710-12eb53d71c13&LanguageSuffix=PL&csUsrId=954110883&csCompaniesId=213217693&EIO=3&transport=websocket&sid=ousB6OU7GF4Cem8YAATD' failed: Error during WebSocket handshake: Unexpected response code: 400
[błąd strony] Avoided redundant navigation to current location: "/".
[strona] [portal-vue]: Target c-grid-cell-tooltip already exists
[strona] [portal-vue]: Target c-chatter-tooltip already exists
[strona] [portal-vue]: Target c-manager-close-confirm-popup already exists
[strona] [portal-vue]: Target c-popovers already exists
[strona] Failed to load resource: the server responded with a status of 400 ()
[strona] Failed to load resource: the server responded with a status of 404 ()
[login] Zalogowano. URL: https://erp.savpol.pl/pl/panel-sterowania/csdashboard/213217693
[strona] ?LoadBaseSkin=0&NS=def52f60-f017-4de3-a4e4-5b0c1ffdf70f&Skin=CePixel&CPG=72203914-A31D-4B25-7735-F18BE44421C2&WORKLOCAL=4004&LocateCompany=1&Title=Savpol&DoNotUseAutoZoom=1&NG=1&countOpensWindows=1&includeOnlyUsableMenuItems=1
[strona] Failed to load resource: the server responded with a status of 404 ()
[strona] Failed to load resource: the server responded with a status of 400 ()
[strona] SOCKET ERROR Error: xhr poll error
    at n.onError (https://erp.savpol.pl/Default_006_413_part_6_2fd89947e067cc286c868cc0c58c3d81.min.js:186:31238)
    at i.<anonymous> (https://erp.savpol.pl/Default_006_413_part_6_2fd89947e067cc286c868cc0c58c3d81.min.js:186:26201)
    at n.emit (https://erp.savpol.pl/Default_006_413_part_6_2fd89947e067cc286c868cc0c58c3d81.min.js:186:6309)
    at i.onError (https://erp.savpol.pl/Default_006_413_part_6_2fd89947e067cc286c868cc0c58c3d81.min.js:186:27872)
    at https://erp.savpol.pl/Default_006_413_part_6_2fd89947e067cc286c868cc0c58c3d81.min.js:186:27504
[strona] WebSocket connection to 'wss://erp.savpol.pl/csAPIServer/socket.io/?sessionId=0a2d64b6-d36a-4de1-2710-12eb53d71c13&LanguageSuffix=PL&csUsrId=29270321220&csCompaniesId=213217693&EIO=3&transport=websocket&sid=tkADfCnRjPvFRjMcAATF' failed: WebSocket is closed before the connection is established.
[strona] WebSocket connection to 'wss://erp.savpol.pl/csAPIServer/socket.io/?sessionId=0a2d64b6-d36a-4de1-2710-12eb53d71c13&LanguageSuffix=PL&csUsrId=29270321220&csCompaniesId=213217693&EIO=3&transport=websocket&sid=GOBFhADwqittkz_FAATG' failed: Error during WebSocket handshake: Unexpected response code: 400
[filtr-typ] Zastosowano zapisany filtr "WZ". Rekordów: przed=, po=0
[filtr] Wartości pól po wpisaniu: {"od":"2026-09-24","do":"2026-09-24"}
[filtr] Ustawiono zakres 2026-09-24..2026-09-24, kliknięto ".ButtonRefresh". Rekordów: przed=0, po=835
[wz] ERP zgłasza 835 dokumentów dla tego filtra. Mamy już 0 z poprzednich sesji.
[wz] Lista załadowana. Startuję zbieranie w paczkach po 15 dok. (max 900 łącznie w tej sesji)...
[strona] Failed to load resource: the server responded with a status of 400 ()
[strona] SOCKET ERROR Error: xhr post error
    at n.onError (https://erp.savpol.pl/Default_006_413_part_6_2fd89947e067cc286c868cc0c58c3d81.min.js:186:31238)
    at i.<anonymous> (https://erp.savpol.pl/Default_006_413_part_6_2fd89947e067cc286c868cc0c58c3d81.min.js:186:26032)
    at n.emit (https://erp.savpol.pl/Default_006_413_part_6_2fd89947e067cc286c868cc0c58c3d81.min.js:186:6309)
    at i.onError (https://erp.savpol.pl/Default_006_413_part_6_2fd89947e067cc286c868cc0c58c3d81.min.js:186:27872)
    at https://erp.savpol.pl/Default_006_413_part_6_2fd89947e067cc286c868cc0c58c3d81.min.js:186:27504
[strona] Failed to load resource: the server responded with a status of 400 ()
[strona] SOCKET ERROR Error: xhr poll error
    at n.onError (https://erp.savpol.pl/Default_006_413_part_6_2fd89947e067cc286c868cc0c58c3d81.min.js:186:31238)
    at i.<anonymous> (https://erp.savpol.pl/Default_006_413_part_6_2fd89947e067cc286c868cc0c58c3d81.min.js:186:26201)
    at n.emit (https://erp.savpol.pl/Default_006_413_part_6_2fd89947e067cc286c868cc0c58c3d81.min.js:186:6309)
    at i.onError (https://erp.savpol.pl/Default_006_413_part_6_2fd89947e067cc286c868cc0c58c3d81.min.js:186:27872)
    at https://erp.savpol.pl/Default_006_413_part_6_2fd89947e067cc286c868cc0c58c3d81.min.js:186:27504
[strona] WebSocket connection to 'wss://erp.savpol.pl/csAPIServer/socket.io/?sessionId=0a2d64b6-d36a-4de1-2710-12eb53d71c13&LanguageSuffix=PL&csUsrId=29270321220&csCompaniesId=213217693&EIO=3&transport=websocket&sid=7GuYQ_s86fvnvynOAASb' failed: WebSocket is closed before the connection is established.
[strona] Failed to load resource: the server responded with a status of 400 ()
(node:24924) [DEP0123] DeprecationWarning: Setting the TLS ServerName to an IP address is not permitted by RFC 6066. This will be ignored in a future version.
(Use `node --trace-deprecation ...` to show where the warning was created)
[wynik] UWAGA: zapis do tabel PRODUKCYJNYCH (csDocsHeaders/csDocsItemsPositions).
[wynik] Zapisano do bazy "worek": 15 wierszy w csDocsHeaders, 54 wierszy w csDocsItemsPositions.
[paczka] +15 WZ (łącznie w stanie: 15/835), complete=false
[strona] WebSocket connection to 'wss://erp.savpol.pl/csAPIServer/socket.io/?sessionId=0a2d64b6-d36a-4de1-2710-12eb53d71c13&LanguageSuffix=PL&csUsrId=29270321220&csCompaniesId=213217693&EIO=3&transport=websocket&sid=BmpOIYQado_S53FiAATV' failed: Error during WebSocket handshake: Unexpected response code: 400
[strona] Failed to load resource: the server responded with a status of 400 ()
[strona] SOCKET ERROR Error: xhr post error
    at n.onError (https://erp.savpol.pl/Default_006_413_part_6_2fd89947e067cc286c868cc0c58c3d81.min.js:186:31238)
    at i.<anonymous> (https://erp.savpol.pl/Default_006_413_part_6_2fd89947e067cc286c868cc0c58c3d81.min.js:186:26032)
    at n.emit (https://erp.savpol.pl/Default_006_413_part_6_2fd89947e067cc286c868cc0c58c3d81.min.js:186:6309)
    at i.onError (https://erp.savpol.pl/Default_006_413_part_6_2fd89947e067cc286c868cc0c58c3d81.min.js:186:27872)
    at https://erp.savpol.pl/Default_006_413_part_6_2fd89947e067cc286c868cc0c58c3d81.min.js:186:27504
[strona] Failed to load resource: the server responded with a status of 400 ()
[strona] SOCKET ERROR Error: xhr poll error
    at n.onError (https://erp.savpol.pl/Default_006_413_part_6_2fd89947e067cc286c868cc0c58c3d81.min.js:186:31238)
    at i.<anonymous> (https://erp.savpol.pl/Default_006_413_part_6_2fd89947e067cc286c868cc0c58c3d81.min.js:186:26201)
    at n.emit (https://erp.savpol.pl/Default_006_413_part_6_2fd89947e067cc286c868cc0c58c3d81.min.js:186:6309)
    at i.onError (https://erp.savpol.pl/Default_006_413_part_6_2fd89947e067cc286c868cc0c58c3d81.min.js:186:27872)
    at https://erp.savpol.pl/Default_006_413_part_6_2fd89947e067cc286c868cc0c58c3d81.min.js:186:27504
[strona] WebSocket connection to 'wss://erp.savpol.pl/csAPIServer/socket.io/?sessionId=0a2d64b6-d36a-4de1-2710-12eb53d71c13&LanguageSuffix=PL&csUsrId=29270321220&csCompaniesId=213217693&EIO=3&transport=websocket&sid=z4fQG-5GILau3Ua2AATb' failed: WebSocket is closed before the connection is established.
[strona] Failed to load resource: the server responded with a status of 400 ()
[strona] SOCKET ERROR Error: xhr poll error
    at n.onError (https://erp.savpol.pl/Default_006_413_part_6_2fd89947e067cc286c868cc0c58c3d81.min.js:186:31238)
    at i.<anonymous> (https://erp.savpol.pl/Default_006_413_part_6_2fd89947e067cc286c868cc0c58c3d81.min.js:186:26201)
    at n.emit (https://erp.savpol.pl/Default_006_413_part_6_2fd89947e067cc286c868cc0c58c3d81.min.js:186:6309)
    at i.onError (https://erp.savpol.pl/Default_006_413_part_6_2fd89947e067cc286c868cc0c58c3d81.min.js:186:27872)
    at https://erp.savpol.pl/Default_006_413_part_6_2fd89947e067cc286c868cc0c58c3d81.min.js:186:27504
[strona] WebSocket connection to 'wss://erp.savpol.pl/csAPIServer/socket.io/?sessionId=0a2d64b6-d36a-4de1-2710-12eb53d71c13&LanguageSuffix=PL&csUsrId=29270321220&csCompaniesId=213217693&EIO=3&transport=websocket&sid=WW7RDgRuWfRQ6NYXAASi' failed: WebSocket is closed before the connection is established.
[strona] Failed to load resource: the server responded with a status of 400 ()
[strona] WebSocket connection to 'wss://erp.savpol.pl/csAPIServer/socket.io/?sessionId=0a2d64b6-d36a-4de1-2710-12eb53d71c13&LanguageSuffix=PL&csUsrId=29270321220&csCompaniesId=213217693&EIO=3&transport=websocket&sid=dgy1zdoMa-kf-XaHAATc' failed: Error during WebSocket handshake: Unexpected response code: 400
[wynik] UWAGA: zapis do tabel PRODUKCYJNYCH (csDocsHeaders/csDocsItemsPositions).
[wynik] Zapisano do bazy "worek": 15 wierszy w csDocsHeaders, 91 wierszy w csDocsItemsPositions.
[paczka] +15 WZ (łącznie w stanie: 30/835), complete=false
[strona] Failed to load resource: the server responded with a status of 400 ()
[strona] SOCKET ERROR Error: xhr post error
    at n.onError (https://erp.savpol.pl/Default_006_413_part_6_2fd89947e067cc286c868cc0c58c3d81.min.js:186:31238)
    at i.<anonymous> (https://erp.savpol.pl/Default_006_413_part_6_2fd89947e067cc286c868cc0c58c3d81.min.js:186:26032)
    at n.emit (https://erp.savpol.pl/Default_006_413_part_6_2fd89947e067cc286c868cc0c58c3d81.min.js:186:6309)
    at i.onError (https://erp.savpol.pl/Default_006_413_part_6_2fd89947e067cc286c868cc0c58c3d81.min.js:186:27872)
    at https://erp.savpol.pl/Default_006_413_part_6_2fd89947e067cc286c868cc0c58c3d81.min.js:186:27504
[strona] Failed to load resource: the server responded with a status of 400 ()
[strona] SOCKET ERROR Error: xhr poll error
    at n.onError (https://erp.savpol.pl/Default_006_413_part_6_2fd89947e067cc286c868cc0c58c3d81.min.js:186:31238)
    at i.<anonymous> (https://erp.savpol.pl/Default_006_413_part_6_2fd89947e067cc286c868cc0c58c3d81.min.js:186:26201)
    at n.emit (https://erp.savpol.pl/Default_006_413_part_6_2fd89947e067cc286c868cc0c58c3d81.min.js:186:6309)
    at i.onError (https://erp.savpol.pl/Default_006_413_part_6_2fd89947e067cc286c868cc0c58c3d81.min.js:186:27872)
    at https://erp.savpol.pl/Default_006_413_part_6_2fd89947e067cc286c868cc0c58c3d81.min.js:186:27504
[strona] WebSocket connection to 'wss://erp.savpol.pl/csAPIServer/socket.io/?sessionId=0a2d64b6-d36a-4de1-2710-12eb53d71c13&LanguageSuffix=PL&csUsrId=29270321220&csCompaniesId=213217693&EIO=3&transport=websocket&sid=Qa-TX1KWRDvdYfB5AAS1' failed: WebSocket is closed before the connection is established.
[strona] Failed to load resource: the server responded with a status of 400 ()
[wynik] UWAGA: zapis do tabel PRODUKCYJNYCH (csDocsHeaders/csDocsItemsPositions).
[wynik] Zapisano do bazy "worek": 15 wierszy w csDocsHeaders, 182 wierszy w csDocsItemsPositions.
[paczka] +15 WZ (łącznie w stanie: 45/835), complete=false
[wynik] UWAGA: zapis do tabel PRODUKCYJNYCH (csDocsHeaders/csDocsItemsPositions).
[wynik] Zapisano do bazy "worek": 15 wierszy w csDocsHeaders, 141 wierszy w csDocsItemsPositions.
[paczka] +15 WZ (łącznie w stanie: 60/835), complete=false
[wynik] UWAGA: zapis do tabel PRODUKCYJNYCH (csDocsHeaders/csDocsItemsPositions).
[wynik] Zapisano do bazy "worek": 15 wierszy w csDocsHeaders, 137 wierszy w csDocsItemsPositions.
[paczka] +15 WZ (łącznie w stanie: 75/835), complete=false
[wynik] UWAGA: zapis do tabel PRODUKCYJNYCH (csDocsHeaders/csDocsItemsPositions).
[wynik] Zapisano do bazy "worek": 15 wierszy w csDocsHeaders, 132 wierszy w csDocsItemsPositions.
[paczka] +15 WZ (łącznie w stanie: 90/835), complete=false
[wynik] UWAGA: zapis do tabel PRODUKCYJNYCH (csDocsHeaders/csDocsItemsPositions).
[wynik] Zapisano do bazy "worek": 15 wierszy w csDocsHeaders, 99 wierszy w csDocsItemsPositions.
[paczka] +15 WZ (łącznie w stanie: 105/835), complete=false
[wynik] UWAGA: zapis do tabel PRODUKCYJNYCH (csDocsHeaders/csDocsItemsPositions).
[wynik] Zapisano do bazy "worek": 15 wierszy w csDocsHeaders, 85 wierszy w csDocsItemsPositions.
[paczka] +15 WZ (łącznie w stanie: 120/835), complete=false
[wynik] UWAGA: zapis do tabel PRODUKCYJNYCH (csDocsHeaders/csDocsItemsPositions).
[wynik] Zapisano do bazy "worek": 15 wierszy w csDocsHeaders, 79 wierszy w csDocsItemsPositions.
[paczka] +15 WZ (łącznie w stanie: 135/835), complete=false
[wynik] UWAGA: zapis do tabel PRODUKCYJNYCH (csDocsHeaders/csDocsItemsPositions).
[wynik] Zapisano do bazy "worek": 15 wierszy w csDocsHeaders, 83 wierszy w csDocsItemsPositions.
[paczka] +15 WZ (łącznie w stanie: 150/835), complete=false
[wynik] UWAGA: zapis do tabel PRODUKCYJNYCH (csDocsHeaders/csDocsItemsPositions).
[wynik] Zapisano do bazy "worek": 15 wierszy w csDocsHeaders, 73 wierszy w csDocsItemsPositions.
[paczka] +15 WZ (łącznie w stanie: 165/835), complete=false
[wynik] UWAGA: zapis do tabel PRODUKCYJNYCH (csDocsHeaders/csDocsItemsPositions).
[wynik] Zapisano do bazy "worek": 15 wierszy w csDocsHeaders, 62 wierszy w csDocsItemsPositions.
[paczka] +15 WZ (łącznie w stanie: 180/835), complete=false
[wynik] UWAGA: zapis do tabel PRODUKCYJNYCH (csDocsHeaders/csDocsItemsPositions).
[wynik] Zapisano do bazy "worek": 15 wierszy w csDocsHeaders, 76 wierszy w csDocsItemsPositions.
[paczka] +15 WZ (łącznie w stanie: 195/835), complete=false
[wynik] UWAGA: zapis do tabel PRODUKCYJNYCH (csDocsHeaders/csDocsItemsPositions).
[wynik] Zapisano do bazy "worek": 15 wierszy w csDocsHeaders, 70 wierszy w csDocsItemsPositions.
[paczka] +15 WZ (łącznie w stanie: 210/835), complete=false
[wynik] UWAGA: zapis do tabel PRODUKCYJNYCH (csDocsHeaders/csDocsItemsPositions).
[wynik] Zapisano do bazy "worek": 15 wierszy w csDocsHeaders, 79 wierszy w csDocsItemsPositions.
[paczka] +15 WZ (łącznie w stanie: 225/835), complete=false
[wynik] UWAGA: zapis do tabel PRODUKCYJNYCH (csDocsHeaders/csDocsItemsPositions).
[wynik] Zapisano do bazy "worek": 15 wierszy w csDocsHeaders, 86 wierszy w csDocsItemsPositions.
[paczka] +15 WZ (łącznie w stanie: 240/835), complete=false
[wynik] UWAGA: zapis do tabel PRODUKCYJNYCH (csDocsHeaders/csDocsItemsPositions).
[wynik] Zapisano do bazy "worek": 15 wierszy w csDocsHeaders, 80 wierszy w csDocsItemsPositions.
[paczka] +15 WZ (łącznie w stanie: 255/835), complete=false
[wynik] UWAGA: zapis do tabel PRODUKCYJNYCH (csDocsHeaders/csDocsItemsPositions).
[wynik] Zapisano do bazy "worek": 15 wierszy w csDocsHeaders, 104 wierszy w csDocsItemsPositions.
[paczka] +15 WZ (łącznie w stanie: 270/835), complete=false
[wynik] UWAGA: zapis do tabel PRODUKCYJNYCH (csDocsHeaders/csDocsItemsPositions).
[wynik] Zapisano do bazy "worek": 15 wierszy w csDocsHeaders, 61 wierszy w csDocsItemsPositions.
[paczka] +15 WZ (łącznie w stanie: 285/835), complete=false
[wynik] UWAGA: zapis do tabel PRODUKCYJNYCH (csDocsHeaders/csDocsItemsPositions).
[wynik] Zapisano do bazy "worek": 15 wierszy w csDocsHeaders, 75 wierszy w csDocsItemsPositions.
[paczka] +15 WZ (łącznie w stanie: 300/835), complete=false
[wynik] UWAGA: zapis do tabel PRODUKCYJNYCH (csDocsHeaders/csDocsItemsPositions).
[wynik] Zapisano do bazy "worek": 15 wierszy w csDocsHeaders, 87 wierszy w csDocsItemsPositions.
[paczka] +15 WZ (łącznie w stanie: 315/835), complete=false
[wynik] UWAGA: zapis do tabel PRODUKCYJNYCH (csDocsHeaders/csDocsItemsPositions).
[wynik] Zapisano do bazy "worek": 15 wierszy w csDocsHeaders, 124 wierszy w csDocsItemsPositions.
[paczka] +15 WZ (łącznie w stanie: 330/835), complete=false
[wynik] UWAGA: zapis do tabel PRODUKCYJNYCH (csDocsHeaders/csDocsItemsPositions).
[wynik] Zapisano do bazy "worek": 15 wierszy w csDocsHeaders, 125 wierszy w csDocsItemsPositions.
[paczka] +15 WZ (łącznie w stanie: 345/835), complete=false
[wynik] UWAGA: zapis do tabel PRODUKCYJNYCH (csDocsHeaders/csDocsItemsPositions).
[wynik] Zapisano do bazy "worek": 15 wierszy w csDocsHeaders, 107 wierszy w csDocsItemsPositions.
[paczka] +15 WZ (łącznie w stanie: 360/835), complete=false
[wynik] UWAGA: zapis do tabel PRODUKCYJNYCH (csDocsHeaders/csDocsItemsPositions).
[wynik] Zapisano do bazy "worek": 15 wierszy w csDocsHeaders, 93 wierszy w csDocsItemsPositions.
[paczka] +15 WZ (łącznie w stanie: 375/835), complete=false
[wynik] UWAGA: zapis do tabel PRODUKCYJNYCH (csDocsHeaders/csDocsItemsPositions).
[wynik] Zapisano do bazy "worek": 15 wierszy w csDocsHeaders, 110 wierszy w csDocsItemsPositions.
[paczka] +15 WZ (łącznie w stanie: 390/835), complete=false
[wynik] UWAGA: zapis do tabel PRODUKCYJNYCH (csDocsHeaders/csDocsItemsPositions).
[wynik] Zapisano do bazy "worek": 15 wierszy w csDocsHeaders, 67 wierszy w csDocsItemsPositions.
[paczka] +15 WZ (łącznie w stanie: 405/835), complete=false
[wynik] UWAGA: zapis do tabel PRODUKCYJNYCH (csDocsHeaders/csDocsItemsPositions).
[wynik] Zapisano do bazy "worek": 15 wierszy w csDocsHeaders, 58 wierszy w csDocsItemsPositions.
[paczka] +15 WZ (łącznie w stanie: 420/835), complete=false
[wynik] UWAGA: zapis do tabel PRODUKCYJNYCH (csDocsHeaders/csDocsItemsPositions).
[wynik] Zapisano do bazy "worek": 15 wierszy w csDocsHeaders, 71 wierszy w csDocsItemsPositions.
[paczka] +15 WZ (łącznie w stanie: 435/835), complete=false
[wynik] UWAGA: zapis do tabel PRODUKCYJNYCH (csDocsHeaders/csDocsItemsPositions).
[wynik] Zapisano do bazy "worek": 15 wierszy w csDocsHeaders, 108 wierszy w csDocsItemsPositions.
[paczka] +15 WZ (łącznie w stanie: 450/835), complete=false
[wynik] UWAGA: zapis do tabel PRODUKCYJNYCH (csDocsHeaders/csDocsItemsPositions).
[wynik] Zapisano do bazy "worek": 15 wierszy w csDocsHeaders, 95 wierszy w csDocsItemsPositions.
[paczka] +15 WZ (łącznie w stanie: 465/835), complete=false
[wynik] UWAGA: zapis do tabel PRODUKCYJNYCH (csDocsHeaders/csDocsItemsPositions).
[wynik] Zapisano do bazy "worek": 15 wierszy w csDocsHeaders, 82 wierszy w csDocsItemsPositions.
[paczka] +15 WZ (łącznie w stanie: 480/835), complete=false
[wynik] UWAGA: zapis do tabel PRODUKCYJNYCH (csDocsHeaders/csDocsItemsPositions).
[wynik] Zapisano do bazy "worek": 15 wierszy w csDocsHeaders, 111 wierszy w csDocsItemsPositions.
[paczka] +15 WZ (łącznie w stanie: 495/835), complete=false
[wynik] UWAGA: zapis do tabel PRODUKCYJNYCH (csDocsHeaders/csDocsItemsPositions).
[wynik] Zapisano do bazy "worek": 15 wierszy w csDocsHeaders, 68 wierszy w csDocsItemsPositions.
[paczka] +15 WZ (łącznie w stanie: 510/835), complete=false
[wynik] UWAGA: zapis do tabel PRODUKCYJNYCH (csDocsHeaders/csDocsItemsPositions).
[wynik] Zapisano do bazy "worek": 15 wierszy w csDocsHeaders, 69 wierszy w csDocsItemsPositions.
[paczka] +15 WZ (łącznie w stanie: 525/835), complete=false
[wynik] UWAGA: zapis do tabel PRODUKCYJNYCH (csDocsHeaders/csDocsItemsPositions).
[wynik] Zapisano do bazy "worek": 15 wierszy w csDocsHeaders, 101 wierszy w csDocsItemsPositions.
[paczka] +15 WZ (łącznie w stanie: 540/835), complete=false
[wynik] UWAGA: zapis do tabel PRODUKCYJNYCH (csDocsHeaders/csDocsItemsPositions).
[wynik] Zapisano do bazy "worek": 15 wierszy w csDocsHeaders, 42 wierszy w csDocsItemsPositions.
[paczka] +15 WZ (łącznie w stanie: 555/835), complete=false
[wynik] UWAGA: zapis do tabel PRODUKCYJNYCH (csDocsHeaders/csDocsItemsPositions).
[wynik] Zapisano do bazy "worek": 15 wierszy w csDocsHeaders, 102 wierszy w csDocsItemsPositions.
[paczka] +15 WZ (łącznie w stanie: 570/835), complete=false
[wynik] UWAGA: zapis do tabel PRODUKCYJNYCH (csDocsHeaders/csDocsItemsPositions).
[wynik] Zapisano do bazy "worek": 15 wierszy w csDocsHeaders, 99 wierszy w csDocsItemsPositions.
[paczka] +15 WZ (łącznie w stanie: 585/835), complete=false
[wynik] UWAGA: zapis do tabel PRODUKCYJNYCH (csDocsHeaders/csDocsItemsPositions).
[wynik] Zapisano do bazy "worek": 15 wierszy w csDocsHeaders, 98 wierszy w csDocsItemsPositions.
[paczka] +15 WZ (łącznie w stanie: 600/835), complete=false
[wynik] UWAGA: zapis do tabel PRODUKCYJNYCH (csDocsHeaders/csDocsItemsPositions).
[wynik] Zapisano do bazy "worek": 15 wierszy w csDocsHeaders, 159 wierszy w csDocsItemsPositions.
[paczka] +15 WZ (łącznie w stanie: 615/835), complete=false
[wynik] UWAGA: zapis do tabel PRODUKCYJNYCH (csDocsHeaders/csDocsItemsPositions).
[wynik] Zapisano do bazy "worek": 15 wierszy w csDocsHeaders, 136 wierszy w csDocsItemsPositions.
[paczka] +15 WZ (łącznie w stanie: 630/835), complete=false
[wynik] UWAGA: zapis do tabel PRODUKCYJNYCH (csDocsHeaders/csDocsItemsPositions).
[wynik] Zapisano do bazy "worek": 15 wierszy w csDocsHeaders, 99 wierszy w csDocsItemsPositions.
[paczka] +15 WZ (łącznie w stanie: 645/835), complete=false
[wynik] UWAGA: zapis do tabel PRODUKCYJNYCH (csDocsHeaders/csDocsItemsPositions).
[wynik] Zapisano do bazy "worek": 15 wierszy w csDocsHeaders, 145 wierszy w csDocsItemsPositions.
[paczka] +15 WZ (łącznie w stanie: 660/835), complete=false
[wynik] UWAGA: zapis do tabel PRODUKCYJNYCH (csDocsHeaders/csDocsItemsPositions).
[wynik] Zapisano do bazy "worek": 15 wierszy w csDocsHeaders, 91 wierszy w csDocsItemsPositions.
[paczka] +15 WZ (łącznie w stanie: 675/835), complete=false
[wynik] UWAGA: zapis do tabel PRODUKCYJNYCH (csDocsHeaders/csDocsItemsPositions).
[wynik] Zapisano do bazy "worek": 15 wierszy w csDocsHeaders, 204 wierszy w csDocsItemsPositions.
[paczka] +15 WZ (łącznie w stanie: 690/835), complete=false
[wynik] UWAGA: zapis do tabel PRODUKCYJNYCH (csDocsHeaders/csDocsItemsPositions).
[wynik] Zapisano do bazy "worek": 12 wierszy w csDocsHeaders, 80 wierszy w csDocsItemsPositions.
[paczka] +12 WZ (łącznie w stanie: 702/835), complete=false
[wz] Koniec sesji. Zebrano w tej sesji: 702 WZ, 4580 pozycji. Powód zatrzymania: session_time_limit.
[kontrola] NIEKOMPLETNE: mamy 702 z 835 zgłaszanych przez ERP (brakuje 133). Uruchom ponownie z tym samym filtrem, żeby dociągnąć resztę.
[git-log-push] Log i stan wypchnięte do repo.
